2026-09-23T13:32:04.405Z west build --build-dir e:/Projects/nanomaterials-nrf54/lmp91000_board/build --domain lmp91000_board
2026-09-23T13:32:04.953Z -- west build: building domain(s): lmp91000_board
2026-09-23T13:32:05.494Z [1/7] Building C object CMakeFiles/app.dir/src/main.c.obj
2026-09-23T13:32:05.582Z [2/7] Linking C static library app\libapp.a
2026-09-23T13:32:05.799Z [3/7] Linking C executable zephyr\zephyr_pre0.elf
2026-09-23T13:32:05.955Z [4/7] Generating linker.cmd
2026-09-23T13:32:06.207Z [5/7] Generating isr_tables.c, isr_tables_vt.ld, isr_tables_swi.ld
2026-09-23T13:32:06.432Z [6/7] Building C object zephyr/CMakeFiles/zephyr_final.dir/isr_tables.c.obj
2026-09-23T13:32:07.101Z [7/7] Linking C executable zephyr\zephyr.elf
2026-09-23T13:32:07.101Z Memory region         Used Size  Region Size  %age Used
2026-09-23T13:32:07.101Z            FLASH:       37168 B      1012 KB      3.59%
2026-09-23T13:32:07.101Z              RAM:        6616 B       192 KB      3.37%
2026-09-23T13:32:07.101Z         IDT_LIST:          0 GB        32 KB      0.00%
2026-09-23T13:32:07.101Z Generating files from E:/Projects/nanomaterials-nrf54/lmp91000_board/build/lmp91000_board/zephyr/zephyr.elf for board: nrf54l15dk
-09-23T13:31:09.322Z [4/7] Generating linker.cmd
2026-09-23T13:31:09.714Z [5/7] Generating isr_tables.c, isr_tables_vt.ld, isr_tables_swi.ld
2026-09-23T13:31:10.071Z [6/7] Building C object zephyr/CMakeFiles/zephyr_final.dir/isr_tables.c.obj
2026-09-23T13:31:11.045Z [7/7] Linking C executable zephyr\zephyr.elf
2026-09-23T13:31:11.045Z Memory region         Used Size  Region Size  %age Used
2026-09-23T13:31:11.045Z            FLASH:       37168 B      1012 KB      3.59%
2026-09-23T13:31:11.045Z              RAM:        6616 B       192 KB      3.37%
2026-09-23T13:31:11.045Z         IDT_LIST:          0 GB        32 KB      0.00%
2026-09-23T13:31:11.045Z Generating files from E:/Projects/nanomaterials-nrf54/lmp91000_board/build/lmp91000_board/zephyr/zephyr.elf for board: nrf54l15dk
No change to configuration in 'E:/Projects/nanomaterials-nrf54/lmp91000_board/build/lmp91000_board/zephyr/.config'
2026-09-23T13:26:00.086Z No change to Kconfig header in 'E:/Projects/nanomaterials-nrf54/lmp91000_board/build/lmp91000_board/zephyr/include/generated/zephyr/autoconf.h'
2026-09-23T13:26:01.872Z -- Found gen_kobject_list: C:/ncs/v3.1.1/zephyr/scripts/build/gen_kobject_list.py
2026-09-23T13:26:02.016Z -- Configuring done
2026-09-23T13:26:03.328Z -- Generating done
2026-09-23T13:26:03.443Z -- Build files have been written to: E:/Projects/nanomaterials-nrf54/lmp91000_board/build/lmp91000_board
2026-09-23T13:26:04.699Z [1/203] Generating misc/generated/syscalls.json, misc/generated/struct_tags.json
2026-09-23T13:26:05.061Z [2/199] Building C object modules/nrf/subsys/nrf_security/src/CMakeFiles/mbedcrypto_base.dir/C_/ncs/v3.1.1/modules/crypto/mbedtls/library/bignum.c.obj
2026-09-23T13:26:05.069Z [3/199] Building C object modules/nrf/subsys/nrf_security/src/CMakeFiles/mbedcrypto_base.dir/C_/ncs/v3.1.1/modules/crypto/mbedtls/library/padlock.c.obj
2026-09-23T13:26:05.094Z [4/199] Building C object modules/nrf/subsys/nrf_security/src/CMakeFiles/mbedcrypto_base.dir/C_/ncs/v3.1.1/modules/crypto/mbedtls/library/nist_kw.c.obj
2026-09-23T13:26:05.099Z [5/199] Building C object modules/nrf/subsys/nrf_security/src/CMakeFiles/mbedcrypto_base.dir/C_/ncs/v3.1.1/modules/crypto/mbedtls/library/version.c.obj
2026-09-23T13:26:05.120Z [6/199] Building C object modules/nrf/subsys/nrf_security/src/CMakeFiles/mbedcrypto_base.dir/C_/ncs/v3.1.1/modules/crypto/mbedtls/library/asn1write.c.obj
2026-09-23T13:26:05.124Z [7/199] Building C object modules/nrf/subsys/nrf_security/src/CMakeFiles/mbedcrypto_base.dir/C_/ncs/v3.1.1/modules/crypto/mbedtls/library/bignum_core.c.obj
2026-09-23T13:26:05.177Z [8/199] Building C object modules/nrf/subsys/nrf_security/src/CMakeFiles/mbedcrypto_base.dir/C_/ncs/v3.1.1/modules/crypto/mbedtls/library/asn1parse.c.obj
2026-09-23T13:26:05.184Z [9/199] Building C object modules/nrf/subsys/nrf_security/src/CMakeFiles/mbedcrypto_base.dir/C_/ncs/v3.1.1/modules/crypto/mbedtls/library/base64.c.obj
2026-09-23T13:26:05.187Z [10/199] Building C object modules/nrf/subsys/nrf_security/src/CMakeFiles/mbedcrypto_base.dir/C_/ncs/v3.1.1/modules/crypto/mbedtls/library/constant_time.c.obj
2026-09-23T13:26:05.276Z [11/199] Building C object zephyr/CMakeFiles/offsets.dir/arch/arm/core/offsets/offsets.c.obj
2026-09-23T13:26:05.329Z [12/199] Building C object modules/nrf/subsys/nrf_security/src/CMakeFiles/nrf_security_utils.dir/utils/nrf_security_events.c.obj
2026-09-23T13:26:05.368Z [13/199] Building C object modules/nrf/subsys/nrf_security/src/CMakeFiles/nrf_security_utils.dir/utils/nrf_security_mutexes.c.obj
2026-09-23T13:26:05.383Z [14/199] Building C object modules/nrf/subsys/nrf_security/src/CMakeFiles/mbedcrypto_base.dir/threading/threading_alt.c.obj
2026-09-23T13:26:05.471Z [15/199] Linking C static library modules\nrf\subsys\nrf_security\src\libnrf_security_utils.a
2026-09-23T13:26:05.521Z [16/199] Building C object modules/nrf/subsys/nrf_security/src/CMakeFiles/mbedcrypto_base.dir/C_/ncs/v3.1.1/modules/crypto/mbedtls/library/oid.c.obj
2026-09-23T13:26:05.536Z [17/199] Generating include/generated/zephyr/offsets.h
2026-09-23T13:26:05.886Z [18/199] Linking C static library modules\nrf\subsys\nrf_security\src\libmbedcrypto_base.a
2026-09-23T13:26:05.973Z [19/199] Building C object zephyr/CMakeFiles/zephyr.dir/C_/ncs/v3.1.1/nrf/subsys/partition_manager/flash_map_partition_manager.c.obj
2026-09-23T13:26:06.295Z [20/199] Building C object zephyr/CMakeFiles/zephyr.dir/lib/utils/notify.c.obj
2026-09-23T13:26:06.304Z [21/199] Building C object zephyr/CMakeFiles/zephyr.dir/subsys/tracing/tracing_none.c.obj
2026-09-23T13:26:06.327Z [22/199] Building C object zephyr/CMakeFiles/zephyr.dir/C_/ncs/v3.1.1/nrf/lib/boot_banner/banner.c.obj
2026-09-23T13:26:06.343Z [23/199] Building C object zephyr/CMakeFiles/zephyr.dir/subsys/debug/thread_info.c.obj
2026-09-23T13:26:06.353Z [24/199] Building C object CMakeFiles/app.dir/src/main.c.obj
2026-09-23T13:26:06.372Z [25/199] Building C object zephyr/CMakeFiles/zephyr.dir/subsys/mem_mgmt/mem_attr.c.obj
2026-09-23T13:26:06.407Z [26/199] Building C object zephyr/CMakeFiles/zephyr.dir/lib/utils/onoff.c.obj
2026-09-23T13:26:06.475Z [27/199] Building C object zephyr/CMakeFiles/zephyr.dir/lib/os/thread_entry.c.obj
2026-09-23T13:26:06.484Z [28/199] Building C object zephyr/CMakeFiles/zephyr.dir/lib/os/printk.c.obj
2026-09-23T13:26:06.533Z [29/199] Building C object zephyr/CMakeFiles/zephyr.dir/lib/utils/bitarray.c.obj
2026-09-23T13:26:06.641Z [30/199] Building C object zephyr/CMakeFiles/zephyr.dir/lib/os/cbprintf_complete.c.obj
2026-09-23T13:26:06.805Z [31/199] Building C object zephyr/CMakeFiles/zephyr.dir/lib/heap/heap.c.obj
2026-09-23T13:26:06.861Z [32/199] Building C object zephyr/CMakeFiles/zephyr.dir/lib/os/sem.c.obj
2026-09-23T13:26:06.935Z [33/199] Building C object zephyr/CMakeFiles/zephyr.dir/lib/os/cbprintf_packaged.c.obj
2026-09-23T13:26:07.085Z [34/199] Building C object zephyr/arch/arch/arm/core/cortex_m/CMakeFiles/arch__arm__core__cortex_m.dir/isr_wrapper.c.obj
2026-09-23T13:26:07.109Z [35/199] Building C object zephyr/CMakeFiles/zephyr.dir/lib/os/assert.c.obj
2026-09-23T13:26:07.158Z [36/199] Generating linker_zephyr_pre0.cmd
2026-09-23T13:26:07.193Z [37/199] Building C object zephyr/arch/common/CMakeFiles/arch__common.dir/sw_isr_common.c.obj
2026-09-23T13:26:07.214Z [38/199] Building C object zephyr/arch/arch/arm/core/cortex_m/cmse/CMakeFiles/arch__arm__core__cortex_m__cmse.dir/arm_core_cmse.c.obj
2026-09-23T13:26:07.229Z [39/199] Building C object zephyr/arch/arch/arm/core/mpu/CMakeFiles/arch__arm__core__mpu.dir/arm_mpu_regions.c.obj
2026-09-23T13:26:07.283Z [40/199] Linking C static library app\libapp.a
2026-09-23T13:26:07.292Z [41/199] Building C object zephyr/arch/arch/arm/core/mpu/CMakeFiles/arch__arm__core__mpu.dir/arm_core_mpu.c.obj
2026-09-23T13:26:07.432Z [42/199] Building C object zephyr/CMakeFiles/zephyr.dir/lib/utils/rb.c.obj
2026-09-23T13:26:07.437Z [43/199] Building C object zephyr/arch/common/CMakeFiles/isr_tables.dir/isr_tables.c.obj
2026-09-23T13:26:07.539Z [44/199] Building ASM object zephyr/arch/arch/arm/core/cortex_m/CMakeFiles/arch__arm__core__cortex_m.dir/reset.S.obj
2026-09-23T13:26:07.605Z [45/199] Building C object zephyr/arch/arch/arm/core/mpu/CMakeFiles/arch__arm__core__mpu.dir/arm_mpu.c.obj
2026-09-23T13:26:07.632Z [46/199] Building C object zephyr/arch/arch/arm/core/CMakeFiles/arch__arm__core.dir/fatal.c.obj
2026-09-23T13:26:07.641Z [47/199] Building C object zephyr/arch/arch/arm/core/CMakeFiles/arch__arm__core.dir/tls.c.obj
2026-09-23T13:26:07.693Z [48/199] Building C object zephyr/arch/arch/arm/core/CMakeFiles/arch__arm__core.dir/nmi.c.obj
2026-09-23T13:26:07.842Z [49/199] Linking C static library zephyr\arch\arch\arm\core\cortex_m\cmse\libarch__arm__core__cortex_m__cmse.a
2026-09-23T13:26:07.913Z [50/199] Building C object zephyr/arch/arch/arm/core/cortex_m/CMakeFiles/arch__arm__core__cortex_m.dir/scb.c.obj
2026-09-23T13:26:07.938Z [51/199] Building C object zephyr/arch/arch/arm/core/cortex_m/CMakeFiles/arch__arm__core__cortex_m.dir/exc_exit.c.obj
2026-09-23T13:26:07.948Z [52/199] Building C object zephyr/arch/arch/arm/core/cortex_m/CMakeFiles/arch__arm__core__cortex_m.dir/fpu.c.obj
2026-09-23T13:26:07.957Z [53/199] Building ASM object zephyr/arch/arch/arm/core/cortex_m/CMakeFiles/arch__arm__core__cortex_m.dir/swap_helper.S.obj
2026-09-23T13:26:07.965Z [54/199] Building C object zephyr/arch/arch/arm/core/cortex_m/CMakeFiles/arch__arm__core__cortex_m.dir/fault.c.obj
2026-09-23T13:26:07.974Z [55/199] Building C object zephyr/arch/arch/arm/core/cortex_m/CMakeFiles/arch__arm__core__cortex_m.dir/thread_abort.c.obj
2026-09-23T13:26:08.024Z [56/199] Linking C static library zephyr\arch\common\libisr_tables.a
2026-09-23T13:26:08.099Z [57/199] Building C object zephyr/arch/arch/arm/core/cortex_m/CMakeFiles/arch__arm__core__cortex_m.dir/irq_manage.c.obj
2026-09-23T13:26:08.162Z [58/199] Linking C static library zephyr\arch\arch\arm\core\mpu\libarch__arm__core__mpu.a
2026-09-23T13:26:08.240Z [59/199] Building C object zephyr/arch/arch/arm/core/cortex_m/CMakeFiles/arch__arm__core__cortex_m.dir/prep_c.c.obj
2026-09-23T13:26:08.264Z [60/199] Linking C static library zephyr\arch\arch\arm\core\libarch__arm__core.a
2026-09-23T13:26:08.350Z [61/199] Building C object zephyr/arch/arch/arm/core/cortex_m/CMakeFiles/arch__arm__core__cortex_m.dir/cpu_idle.c.obj
2026-09-23T13:26:08.433Z [62/199] Building C object zephyr/arch/arch/arm/core/cortex_m/CMakeFiles/arch__arm__core__cortex_m.dir/thread.c.obj
2026-09-23T13:26:08.586Z [63/199] Building C object zephyr/arch/arch/arm/core/cortex_m/CMakeFiles/arch__arm__core__cortex_m.dir/irq_init.c.obj
2026-09-23T13:26:08.681Z [64/199] Linking C static library zephyr\arch\common\libarch__common.a
2026-09-23T13:26:08.766Z [65/199] Building C object zephyr/kernel/CMakeFiles/kernel.dir/events.c.obj
2026-09-23T13:26:08.777Z [66/199] Building C object zephyr/kernel/CMakeFiles/kernel.dir/timer.c.obj
2026-09-23T13:26:08.798Z [67/199] Building C object modules/hal_nordic/modules/hal_nordic/nrfx/CMakeFiles/modules__hal_nordic__nrfx.dir/C_/ncs/v3.1.1/modules/hal/nordic/nrfx/helpers/nrfx_flag32_allocator.c.obj
2026-09-23T13:26:08.892Z [68/199] Building C object zephyr/kernel/CMakeFiles/kernel.dir/mempool.c.obj
2026-09-23T13:26:08.901Z [69/199] Building C object zephyr/kernel/CMakeFiles/kernel.dir/xip.c.obj
2026-09-23T13:26:08.910Z [70/199] Building C object zephyr/kernel/CMakeFiles/kernel.dir/timeout.c.obj
2026-09-23T13:26:08.920Z [71/199] Building C object zephyr/kernel/CMakeFiles/kernel.dir/dynamic_disabled.c.obj
2026-09-23T13:26:09.028Z [72/199] Building C object modules/hal_nordic/modules/hal_nordic/nrfx/CMakeFiles/modules__hal_nordic__nrfx.dir/nrfx_glue.c.obj
2026-09-23T13:26:09.043Z [73/199] Building C object modules/hal_nordic/modules/hal_nordic/nrfx/CMakeFiles/modules__hal_nordic__nrfx.dir/C_/ncs/v3.1.1/modules/hal/nordic/nrfx/helpers/nrfx_ram_ctrl.c.obj
2026-09-23T13:26:09.358Z [74/199] Linking C static library zephyr\arch\arch\arm\core\cortex_m\libarch__arm__core__cortex_m.a
2026-09-23T13:26:09.481Z [75/199] Building C object modules/hal_nordic/modules/hal_nordic/nrfx/CMakeFiles/modules__hal_nordic__nrfx.dir/C_/ncs/v3.1.1/modules/hal/nordic/nrfx/drivers/src/nrfx_grtc.c.obj
2026-09-23T13:26:09.589Z [76/199] Building C object modules/hal_nordic/modules/hal_nordic/nrfx/CMakeFiles/modules__hal_nordic__nrfx.dir/C_/ncs/v3.1.1/modules/hal/nordic/nrfx/drivers/src/nrfx_clock.c.obj
2026-09-23T13:26:09.653Z [77/199] Building C object zephyr/kernel/CMakeFiles/kernel.dir/main_weak.c.obj
2026-09-23T13:26:09.690Z [78/199] Building C object zephyr/kernel/CMakeFiles/kernel.dir/device.c.obj
2026-09-23T13:26:09.736Z [79/199] Building C object zephyr/kernel/CMakeFiles/kernel.dir/fatal.c.obj
2026-09-23T13:26:09.746Z [80/199] Building C object zephyr/kernel/CMakeFiles/kernel.dir/banner.c.obj
2026-09-23T13:26:09.793Z [81/199] Building C object zephyr/kernel/CMakeFiles/kernel.dir/busy_wait.c.obj
2026-09-23T13:26:09.881Z [82/199] Building C object zephyr/kernel/CMakeFiles/kernel.dir/errno.c.obj
2026-09-23T13:26:09.893Z [83/199] Building C object modules/hal_nordic/modules/hal_nordic/nrfx/CMakeFiles/modules__hal_nordic__nrfx.dir/C_/ncs/v3.1.1/modules/hal/nordic/nrfx/drivers/src/nrfx_rramc.c.obj
2026-09-23T13:26:09.910Z [84/199] Building C object modules/hal_nordic/modules/hal_nordic/nrfx/CMakeFiles/modules__hal_nordic__nrfx.dir/C_/ncs/v3.1.1/modules/hal/nordic/nrfx/drivers/src/nrfx_twi_twim.c.obj
2026-09-23T13:26:10.122Z [85/199] Building C object zephyr/kernel/CMakeFiles/kernel.dir/kheap.c.obj
2026-09-23T13:26:10.444Z [86/199] Building C object zephyr/kernel/CMakeFiles/kernel.dir/idle.c.obj
2026-09-23T13:26:10.499Z [87/199] Building C object zephyr/kernel/CMakeFiles/kernel.dir/mem_slab.c.obj
2026-09-23T13:26:10.552Z [88/199] Building C object modules/hal_nordic/modules/hal_nordic/nrfx/CMakeFiles/modules__hal_nordic__nrfx.dir/C_/ncs/v3.1.1/modules/hal/nordic/nrfx/drivers/src/nrfx_twim.c.obj
2026-09-23T13:26:10.581Z [89/199] Building C object zephyr/kernel/CMakeFiles/kernel.dir/init.c.obj
2026-09-23T13:26:10.595Z [90/199] Building C object zephyr/kernel/CMakeFiles/kernel.dir/mailbox.c.obj
2026-09-23T13:26:10.621Z [91/199] Building C object zephyr/kernel/CMakeFiles/kernel.dir/float.c.obj
2026-09-23T13:26:10.720Z [92/199] Building C object zephyr/kernel/CMakeFiles/kernel.dir/stack.c.obj
2026-09-23T13:26:10.751Z [93/199] Building C object zephyr/kernel/CMakeFiles/kernel.dir/sem.c.obj
2026-09-23T13:26:10.781Z [94/199] Building C object zephyr/kernel/CMakeFiles/kernel.dir/condvar.c.obj
2026-09-23T13:26:10.788Z [95/199] Building C object zephyr/kernel/CMakeFiles/kernel.dir/mutex.c.obj
2026-09-23T13:26:10.837Z [96/199] Building C object zephyr/kernel/CMakeFiles/kernel.dir/queue.c.obj
2026-09-23T13:26:10.910Z [97/199] Building C object zephyr/kernel/CMakeFiles/kernel.dir/msg_q.c.obj
2026-09-23T13:26:11.375Z [98/199] Building C object zephyr/kernel/CMakeFiles/kernel.dir/system_work_q.c.obj
2026-09-23T13:26:11.462Z [99/199] Building C object zephyr/kernel/CMakeFiles/kernel.dir/timeslicing.c.obj
2026-09-23T13:26:11.493Z [100/199] Building C object zephyr/kernel/CMakeFiles/kernel.dir/thread_monitor.c.obj
2026-09-23T13:26:11.501Z [101/199] Building C object modules/hal_nordic/modules/hal_nordic/nrfx/CMakeFiles/modules__hal_nordic__nrfx.dir/C_/ncs/v3.1.1/modules/hal/nordic/nrfx/drivers/src/nrfx_gpiote.c.obj
2026-09-23T13:26:11.516Z [102/199] Building C object zephyr/kernel/CMakeFiles/kernel.dir/thread.c.obj
2026-09-23T13:26:11.526Z [103/199] Building C object zephyr/kernel/CMakeFiles/kernel.dir/pipe.c.obj
2026-09-23T13:26:11.543Z [104/199] Building C object zephyr/lib/libc/picolibc/CMakeFiles/lib__libc__picolibc.dir/cbprintf.c.obj
2026-09-23T13:26:11.585Z [105/199] Building C object zephyr/lib/libc/picolibc/CMakeFiles/lib__libc__picolibc.dir/errno_wrap.c.obj
2026-09-23T13:26:11.594Z [106/199] Building C object zephyr/kernel/CMakeFiles/kernel.dir/work.c.obj
2026-09-23T13:26:11.602Z [107/199] Building C object zephyr/lib/libc/picolibc/CMakeFiles/lib__libc__picolibc.dir/locks.c.obj
2026-09-23T13:26:11.625Z [108/199] Building C object zephyr/lib/libc/picolibc/CMakeFiles/lib__libc__picolibc.dir/chk_fail.c.obj
2026-09-23T13:26:11.637Z [109/199] Building C object zephyr/lib/libc/picolibc/CMakeFiles/lib__libc__picolibc.dir/exit.c.obj
2026-09-23T13:26:11.674Z [110/199] Building C object zephyr/lib/libc/picolibc/CMakeFiles/lib__libc__picolibc.dir/assert.c.obj
2026-09-23T13:26:11.989Z [111/199] Building C object zephyr/soc/soc/nrf54l10/CMakeFiles/soc__nordic.dir/validate_rram_partitions.c.obj
2026-09-23T13:26:12.078Z [112/199] Building C object zephyr/kernel/CMakeFiles/kernel.dir/sched.c.obj
2026-09-23T13:26:12.101Z [113/199] Building C object zephyr/lib/libc/picolibc/CMakeFiles/lib__libc__picolibc.dir/stdio.c.obj
2026-09-23T13:26:12.208Z [114/199] Building C object zephyr/soc/soc/nrf54l10/CMakeFiles/soc__nordic.dir/validate_enabled_instances.c.obj
2026-09-23T13:26:12.216Z [115/199] Building C object zephyr/soc/soc/nrf54l10/CMakeFiles/soc__nordic.dir/validate_base_addresses.c.obj
2026-09-23T13:26:12.242Z [116/199] Building C object zephyr/lib/libc/common/CMakeFiles/lib__libc__common.dir/source/stdlib/abort.c.obj
2026-09-23T13:26:12.268Z [117/199] Building C object zephyr/lib/libc/common/CMakeFiles/lib__libc__common.dir/source/stdlib/malloc.c.obj
2026-09-23T13:26:12.340Z [118/199] Building C object zephyr/soc/soc/nrf54l10/CMakeFiles/soc__nordic.dir/common/reboot.c.obj
2026-09-23T13:26:12.364Z [119/199] Building C object zephyr/drivers/cache/CMakeFiles/drivers__cache.dir/cache_nrf.c.obj
2026-09-23T13:26:12.418Z [120/199] Linking C static library modules\hal_nordic\modules\hal_nordic\nrfx\libmodules__hal_nordic__nrfx.a
2026-09-23T13:26:12.478Z [121/199] Building C object zephyr/soc/soc/nrf54l10/CMakeFiles/soc__nordic.dir/nrf54l/soc.c.obj
2026-09-23T13:26:12.689Z [122/199] Building C object zephyr/drivers/pinctrl/CMakeFiles/drivers__pinctrl.dir/common.c.obj
2026-09-23T13:26:12.697Z [123/199] Building C object zephyr/drivers/clock_control/CMakeFiles/drivers__clock_control.dir/clock_control_nrf.c.obj
2026-09-23T13:26:12.738Z [124/199] Linking C static library zephyr\lib\libc\common\liblib__libc__common.a
2026-09-23T13:26:12.747Z [125/199] Linking C static library zephyr\kernel\libkernel.a
2026-09-23T13:26:12.755Z [126/199] Linking C static library zephyr\drivers\cache\libdrivers__cache.a
2026-09-23T13:26:12.764Z [127/199] Linking C static library zephyr\lib\libc\picolibc\liblib__libc__picolibc.a
2026-09-23T13:26:12.784Z [128/199] Building C object zephyr/drivers/i2c/CMakeFiles/drivers__i2c.dir/i2c_nrfx_twim_common.c.obj
2026-09-23T13:26:12.847Z [129/199] Linking C static library zephyr\soc\soc\nrf54l10\libsoc__nordic.a
2026-09-23T13:26:12.975Z [130/199] Building C object zephyr/drivers/i2c/CMakeFiles/drivers__i2c.dir/i2c_common.c.obj
2026-09-23T13:26:13.022Z [131/199] Building C object modules/nrf/subsys/nrf_security/src/CMakeFiles/mbedcrypto.dir/C_/ncs/v3.1.1/modules/crypto/mbedtls/library/pem.c.obj
2026-09-23T13:26:13.065Z [132/199] Building C object zephyr/drivers/timer/CMakeFiles/drivers__timer.dir/sys_clock_init.c.obj
2026-09-23T13:26:13.089Z [133/199] Building C object zephyr/drivers/i2c/CMakeFiles/drivers__i2c.dir/i2c_nrfx_twim.c.obj
2026-09-23T13:26:13.102Z [134/199] Building C object modules/nrf/subsys/nrf_security/src/CMakeFiles/mbedcrypto.dir/C_/ncs/v3.1.1/modules/crypto/mbedtls/library/pkcs12.c.obj
2026-09-23T13:26:13.111Z [135/199] Building C object modules/nrf/subsys/nrf_security/src/CMakeFiles/mbedcrypto.dir/C_/ncs/v3.1.1/modules/crypto/mbedtls/library/cipher.c.obj
2026-09-23T13:26:13.121Z [136/199] Building C object modules/nrf/subsys/nrf_security/src/CMakeFiles/mbedcrypto.dir/C_/ncs/v3.1.1/modules/crypto/mbedtls/library/pkparse.c.obj
2026-09-23T13:26:13.130Z [137/199] Building C object modules/nrf/subsys/nrf_security/src/CMakeFiles/mbedcrypto.dir/C_/ncs/v3.1.1/modules/crypto/mbedtls/library/cipher_wrap.c.obj
2026-09-23T13:26:13.150Z [138/199] Building C object modules/nrf/subsys/nrf_security/src/CMakeFiles/mbedcrypto.dir/C_/ncs/v3.1.1/modules/crypto/mbedtls/library/dhm.c.obj
2026-09-23T13:26:13.178Z [139/199] Linking C static library zephyr\drivers\clock_control\libdrivers__clock_control.a
2026-09-23T13:26:13.215Z [140/199] Building C object modules/nrf/subsys/nrf_security/src/CMakeFiles/mbedcrypto.dir/C_/ncs/v3.1.1/modules/crypto/mbedtls/library/pkcs5.c.obj
2026-09-23T13:26:13.230Z [141/199] Building C object zephyr/drivers/gpio/CMakeFiles/drivers__gpio.dir/gpio_nrfx.c.obj
2026-09-23T13:26:13.320Z [142/199] Building C object modules/nrf/subsys/nrf_security/src/CMakeFiles/mbedcrypto.dir/C_/ncs/v3.1.1/modules/crypto/mbedtls/library/pkwrite.c.obj
2026-09-23T13:26:13.337Z [143/199] Building C object zephyr/drivers/timer/CMakeFiles/drivers__timer.dir/nrf_grtc_timer.c.obj
2026-09-23T13:26:13.388Z [144/199] Building C object modules/nrf/subsys/nrf_security/src/CMakeFiles/mbedcrypto.dir/C_/ncs/v3.1.1/modules/crypto/mbedtls/library/md.c.obj
2026-09-23T13:26:13.451Z [145/199] Building C object modules/nrf/subsys/nrf_security/src/CMakeFiles/mbedcrypto.dir/C_/ncs/v3.1.1/modules/crypto/mbedtls/library/pk_wrap.c.obj
2026-09-23T13:26:13.464Z [146/199] Building C object modules/nrf/subsys/nrf_security/src/CMakeFiles/mbedcrypto.dir/C_/ncs/v3.1.1/modules/crypto/oberon-psa-crypto/programs/ssl/library/pk.c.obj
2026-09-23T13:26:13.520Z [147/199] Building C object zephyr/drivers/pinctrl/CMakeFiles/drivers__pinctrl.dir/pinctrl_nrf.c.obj
2026-09-23T13:26:13.574Z [148/199] Building C object modules/nrf/subsys/nrf_security/src/core/nrf_oberon/CMakeFiles/psa_core.dir/C_/ncs/v3.1.1/modules/crypto/oberon-psa-crypto/library/platform.c.obj
2026-09-23T13:26:13.639Z [149/199] Linking C static library zephyr\drivers\i2c\libdrivers__i2c.a
2026-09-23T13:26:13.718Z [150/199] Linking C static library zephyr\drivers\gpio\libdrivers__gpio.a
2026-09-23T13:26:13.789Z [151/199] Building C object modules/nrf/subsys/nrf_security/src/CMakeFiles/mbedcrypto.dir/C_/ncs/v3.1.1/modules/crypto/mbedtls/library/pk_ecc.c.obj
2026-09-23T13:26:13.798Z [152/199] Building C object modules/nrf/subsys/nrf_security/src/core/nrf_oberon/CMakeFiles/psa_core.dir/C_/ncs/v3.1.1/modules/crypto/oberon-psa-crypto/library/psa_crypto_storage.c.obj
2026-09-23T13:26:13.845Z [153/199] Linking C static library zephyr\drivers\timer\libdrivers__timer.a
2026-09-23T13:26:13.896Z [154/199] Building C object modules/nrf/subsys/nrf_security/src/core/nrf_oberon/CMakeFiles/psa_core.dir/C_/ncs/v3.1.1/modules/crypto/oberon-psa-crypto/library/platform_util.c.obj
2026-09-23T13:26:13.943Z [155/199] Building C object modules/nrf/subsys/nrf_security/src/core/nrf_oberon/CMakeFiles/psa_core.dir/C_/ncs/v3.1.1/modules/crypto/oberon-psa-crypto/library/psa_crypto_client.c.obj
2026-09-23T13:26:13.952Z [156/199] Building C object modules/nrf/subsys/nrf_security/src/CMakeFiles/mbedcrypto.dir/C_/ncs/v3.1.1/modules/crypto/mbedtls/library/psa_util.c.obj
2026-09-23T13:26:14.026Z [157/199] Linking C static library zephyr\drivers\pinctrl\libdrivers__pinctrl.a
2026-09-23T13:26:14.374Z [158/199] Building C object modules/nrf/subsys/nrf_security/src/core/nrf_oberon/CMakeFiles/psa_core.dir/C_/ncs/v3.1.1/modules/crypto/oberon-psa-crypto/library/psa_crypto_slot_management.c.obj
2026-09-23T13:26:14.396Z [159/199] Building C object modules/nrf/subsys/nrf_security/src/core/nrf_oberon/CMakeFiles/psa_core.dir/C_/ncs/v3.1.1/nrf/subsys/nrf_security/src/psa_crypto_driver_wrappers.c.obj
2026-09-23T13:26:14.423Z [160/199] Building C object modules/nrf/subsys/nrf_security/src/drivers/cracen/CMakeFiles/cracen_psa_driver.dir/sxsymcrypt/src/chachapoly.c.obj
2026-09-23T13:26:14.630Z [161/199] Building C object modules/nrf/subsys/nrf_security/src/drivers/cracen/CMakeFiles/cracen_psa_driver.dir/sxsymcrypt/src/cmac.c.obj
2026-09-23T13:26:14.667Z [162/199] Building C object modules/nrf/subsys/nrf_security/src/drivers/cracen/CMakeFiles/cracen_psa_driver.dir/sxsymcrypt/src/aead.c.obj
2026-09-23T13:26:14.676Z [163/199] Building C object modules/nrf/subsys/nrf_security/src/drivers/cracen/CMakeFiles/cracen_psa_driver.dir/sxsymcrypt/src/cmdma.c.obj
2026-09-23T13:26:14.698Z [164/199] Building C object modules/nrf/subsys/nrf_security/src/drivers/cracen/CMakeFiles/cracen_psa_driver.dir/sxsymcrypt/src/hmac.c.obj
2026-09-23T13:26:14.719Z [165/199] Building C object modules/nrf/subsys/nrf_security/src/drivers/cracen/CMakeFiles/cracen_psa_driver.dir/sxsymcrypt/src/mac.c.obj
2026-09-23T13:26:14.732Z [166/199] Building C object modules/nrf/subsys/nrf_security/src/drivers/cracen/CMakeFiles/cracen_psa_driver.dir/sxsymcrypt/src/platform/baremetal/interrupts.c.obj
2026-09-23T13:26:14.782Z [167/199] Building C object modules/nrf/subsys/nrf_security/src/drivers/cracen/CMakeFiles/cracen_psa_driver.dir/sxsymcrypt/src/blkcipher.c.obj
2026-09-23T13:26:14.792Z [168/199] Building C object modules/nrf/subsys/nrf_security/src/drivers/cracen/CMakeFiles/cracen_psa_driver.dir/sxsymcrypt/src/cmmask.c.obj
2026-09-23T13:26:14.935Z [169/199] Building C object modules/nrf/subsys/nrf_security/src/drivers/cracen/CMakeFiles/cracen_psa_driver.dir/sxsymcrypt/src/hash.c.obj
2026-09-23T13:26:14.985Z [170/199] Building C object modules/nrf/subsys/nrf_security/src/drivers/cracen/CMakeFiles/cracen_psa_driver.dir/sxsymcrypt/src/sha3.c.obj
2026-09-23T13:26:15.288Z [171/199] Building C object modules/nrf/subsys/nrf_security/src/drivers/cracen/CMakeFiles/cracen_psa_driver.dir/cracenpsa/src/ecc.c.obj
2026-09-23T13:26:15.312Z [172/199] Building C object modules/nrf/subsys/nrf_security/src/drivers/cracen/CMakeFiles/cracen_psa_driver.dir/sxsymcrypt/src/platform/baremetal/cmdma_hw.c.obj
2026-09-23T13:26:15.374Z [173/199] Building C object modules/nrf/subsys/nrf_security/src/drivers/cracen/CMakeFiles/cracen_psa_driver.dir/sxsymcrypt/src/trng.c.obj
2026-09-23T13:26:15.383Z [174/199] Building C object modules/nrf/subsys/nrf_security/src/drivers/cracen/CMakeFiles/cracen_psa_driver.dir/silexpk/target/baremetal_ba414e_with_ik/pk_baremetal.c.obj
2026-09-23T13:26:15.509Z [175/199] Building C object modules/nrf/subsys/nrf_security/src/drivers/cracen/CMakeFiles/cracen_psa_driver.dir/cracenpsa/src/cipher.c.obj
2026-09-23T13:26:15.545Z [176/199] Building C object modules/nrf/subsys/nrf_security/src/drivers/cracen/CMakeFiles/cracen_psa_driver.dir/cracenpsa/src/rndinrange.c.obj
2026-09-23T13:26:15.587Z [177/199] Building C object modules/nrf/subsys/nrf_security/src/drivers/cracen/CMakeFiles/cracen_psa_driver.dir/silexpk/target/hw/ik/ikhardware.c.obj
2026-09-23T13:26:15.596Z [178/199] Building C object modules/nrf/subsys/nrf_security/src/drivers/cracen/CMakeFiles/cracen_psa_driver.dir/cracenpsa/src/cracen.c.obj
2026-09-23T13:26:15.606Z [179/199] Building C object modules/nrf/subsys/nrf_security/src/drivers/cracen/CMakeFiles/cracen_psa_driver.dir/cracenpsa/src/ikg_signature.c.obj
2026-09-23T13:26:15.622Z [180/199] Building C object modules/nrf/subsys/nrf_security/src/drivers/cracen/CMakeFiles/cracen_psa_driver.dir/silexpk/target/hw/ba414/pkhardware_ba414e.c.obj
2026-09-23T13:26:15.679Z [181/199] Building C object modules/nrf/subsys/nrf_security/src/drivers/cracen/CMakeFiles/cracen_psa_driver.dir/cracenpsa/src/prng_pool.c.obj
2026-09-23T13:26:15.842Z [182/199] Building C object modules/nrf/subsys/nrf_security/src/drivers/cracen/CMakeFiles/cracen_psa_driver.dir/cracenpsa/src/common.c.obj
2026-09-23T13:26:15.846Z [183/199] Building C object modules/nrf/subsys/nrf_security/src/core/nrf_oberon/CMakeFiles/psa_core.dir/C_/ncs/v3.1.1/modules/crypto/oberon-psa-crypto/library/psa_crypto.c.obj
2026-09-23T13:26:15.893Z [184/199] Building C object modules/nrf/subsys/nrf_security/src/drivers/cracen/CMakeFiles/cracen_psa_driver.dir/cracenpsa/src/ctr_drbg.c.obj
2026-09-23T13:26:15.953Z [185/199] Building C object modules/nrf/subsys/nrf_security/src/drivers/cracen/CMakeFiles/cracen_psa_driver.dir/cracenpsa/src/ecdsa.c.obj
2026-09-23T13:26:15.978Z [186/199] Building C object modules/nrf/subsys/nrf_security/src/drivers/cracen/CMakeFiles/cracen_psa_driver.dir/cracenpsa/src/lib_kmu.c.obj
2026-09-23T13:26:16.001Z [187/199] Building C object modules/nrf/subsys/nrf_security/src/drivers/cracen/CMakeFiles/cracen_psa_driver.dir/cracenpsa/src/key_management.c.obj
2026-09-23T13:26:16.097Z [188/199] Building C object modules/nrf/subsys/nrf_security/src/zephyr/CMakeFiles/mbedtls_zephyr.dir/psa_crypto_init.c.obj
2026-09-23T13:26:16.142Z [189/199] Building C object modules/nrf/subsys/nrf_security/src/drivers/cracen/CMakeFiles/cracen_psa_driver.dir/cracenpsa/src/kmu.c.obj
2026-09-23T13:26:16.199Z [190/199] Linking C static library modules\nrf\subsys\nrf_security\src\zephyr\libmbedtls_zephyr.a
2026-09-23T13:26:16.376Z [191/199] Linking C static library modules\nrf\subsys\nrf_security\src\drivers\cracen\libcracen_psa_driver.a
2026-09-23T13:26:16.482Z [192/199] Linking C static library modules\nrf\subsys\nrf_security\src\core\nrf_oberon\libpsa_core.a
2026-09-23T13:26:16.600Z [193/199] Linking C static library modules\nrf\subsys\nrf_security\src\libmbedcrypto.a
2026-09-23T13:26:16.740Z [194/199] Linking C static library zephyr\libzephyr.a
2026-09-23T13:26:16.960Z [195/199] Linking C executable zephyr\zephyr_pre0.elf
2026-09-23T13:26:17.114Z [196/199] Generating linker.cmd
2026-09-23T13:26:17.379Z [197/199] Generating isr_tables.c, isr_tables_vt.ld, isr_tables_swi.ld
2026-09-23T13:26:17.591Z [198/199] Building C object zephyr/CMakeFiles/zephyr_final.dir/isr_tables.c.obj
2026-09-23T13:26:18.238Z [199/199] Linking C executable zephyr\zephyr.elf
2026-09-23T13:26:18.238Z Memory region         Used Size  Region Size  %age Used
2026-09-23T13:26:18.238Z            FLASH:       37000 B      1012 KB      3.57%
2026-09-23T13:26:18.238Z              RAM:        6616 B       192 KB      3.37%
2026-09-23T13:26:18.238Z         IDT_LIST:          0 GB        32 KB      0.00%
2026-09-23T13:26:18.238Z Generating files from E:/Projects/nanomaterials-nrf54/lmp91000_board/build/lmp91000_board/zephyr/zephyr.elf for board: nrf54l15dk
6Z [202/231] Building C object modules/nrf/subsys/nrf_security/src/drivers/cracen/CMakeFiles/cracen_psa_driver.dir/cracenpsa/src/ec_helpers.c.obj
2026-09-23T13:12:58.069Z [203/231] Building C object modules/nrf/subsys/nrf_security/src/drivers/cracen/CMakeFiles/cracen_psa_driver.dir/cracenpsa/src/mem_helpers.c.obj
2026-09-23T13:12:58.191Z [204/231] Building C object modules/nrf/subsys/nrf_security/src/drivers/cracen/CMakeFiles/cracen_psa_driver.dir/silexpk/target/baremetal_ba414e_with_ik/pk_baremetal.c.obj
2026-09-23T13:12:58.200Z [205/231] Building C object modules/nrf/subsys/nrf_security/src/drivers/cracen/CMakeFiles/cracen_psa_driver.dir/cracenpsa/src/ecc.c.obj
2026-09-23T13:12:58.219Z [206/231] Building C object modules/nrf/subsys/nrf_security/src/core/nrf_oberon/CMakeFiles/psa_core.dir/C_/ncs/v3.1.1/modules/crypto/oberon-psa-crypto/library/psa_crypto.c.obj
2026-09-23T13:12:58.247Z [207/231] Building C object modules/nrf/subsys/nrf_security/src/drivers/cracen/CMakeFiles/cracen_psa_driver.dir/silexpk/target/hw/ik/ikhardware.c.obj
2026-09-23T13:12:58.282Z [208/231] Building C object modules/nrf/subsys/nrf_security/src/drivers/cracen/CMakeFiles/cracen_psa_driver.dir/silexpk/target/hw/ba414/pkhardware_ba414e.c.obj
2026-09-23T13:12:58.379Z [209/231] Building C object modules/nrf/subsys/nrf_security/src/drivers/cracen/CMakeFiles/cracen_psa_driver.dir/cracenpsa/src/rndinrange.c.obj
2026-09-23T13:12:58.396Z [210/231] Building C object modules/nrf/subsys/nrf_security/src/drivers/cracen/CMakeFiles/cracen_psa_driver.dir/cracenpsa/src/ikg_signature.c.obj
2026-09-23T13:12:58.450Z [211/231] Building C object modules/nrf/subsys/nrf_security/src/drivers/cracen/CMakeFiles/cracen_psa_driver.dir/cracenpsa/src/cracen.c.obj
2026-09-23T13:12:58.496Z [212/231] Building C object modules/nrf/subsys/nrf_security/src/drivers/cracen/CMakeFiles/cracen_psa_driver.dir/cracenpsa/src/cipher.c.obj
2026-09-23T13:12:58.521Z [213/231] Building C object modules/nrf/subsys/nrf_security/src/drivers/cracen/CMakeFiles/cracen_psa_driver.dir/cracenpsa/src/lib_kmu.c.obj
2026-09-23T13:12:58.630Z [214/231] Building C object modules/nrf/subsys/nrf_security/src/drivers/cracen/CMakeFiles/cracen_psa_driver.dir/cracenpsa/src/ctr_drbg.c.obj
2026-09-23T13:12:58.661Z [215/231] Building C object modules/nrf/subsys/nrf_security/src/drivers/cracen/CMakeFiles/cracen_psa_driver.dir/cracenpsa/src/prng_pool.c.obj
2026-09-23T13:12:58.668Z [216/231] Building C object modules/nrf/subsys/nrf_security/src/drivers/cracen/CMakeFiles/cracen_psa_driver.dir/cracenpsa/src/common.c.obj
2026-09-23T13:12:58.680Z [217/231] Building C object modules/nrf/subsys/nrf_security/src/drivers/cracen/CMakeFiles/cracen_psa_driver.dir/cracenpsa/src/ecdsa.c.obj
2026-09-23T13:12:58.723Z [218/231] Building C object modules/nrf/subsys/nrf_security/src/drivers/cracen/CMakeFiles/cracen_psa_driver.dir/cracenpsa/src/key_management.c.obj
2026-09-23T13:12:58.798Z [219/231] Building C object modules/nrf/subsys/nrf_security/src/zephyr/CMakeFiles/mbedtls_zephyr.dir/psa_crypto_init.c.obj
2026-09-23T13:12:58.897Z [220/231] Linking C static library modules\nrf\subsys\nrf_security\src\zephyr\libmbedtls_zephyr.a
2026-09-23T13:12:58.941Z [221/231] Building C object modules/nrf/subsys/nrf_security/src/drivers/cracen/CMakeFiles/cracen_psa_driver.dir/cracenpsa/src/kmu.c.obj
2026-09-23T13:12:59.133Z [222/231] Linking C static library modules\nrf\subsys\nrf_security\src\drivers\cracen\libcracen_psa_driver.a
2026-09-23T13:12:59.222Z [223/231] Linking C static library modules\nrf\subsys\nrf_security\src\core\nrf_oberon\libpsa_core.a
2026-09-23T13:12:59.323Z [224/231] Linking C static library modules\nrf\subsys\nrf_security\src\libmbedcrypto.a
2026-09-23T13:12:59.446Z [225/231] Linking C static library zephyr\libzephyr.a
2026-09-23T13:12:59.728Z [226/231] Linking C executable zephyr\zephyr_pre0.elf
2026-09-23T13:12:59.877Z [227/231] Generating linker.cmd
2026-09-23T13:13:00.127Z [228/231] Generating isr_tables.c, isr_tables_vt.ld, isr_tables_swi.ld
2026-09-23T13:13:00.191Z [229/231] Building C object zephyr/CMakeFiles/zephyr_final.dir/misc/empty_file.c.obj
2026-09-23T13:13:00.343Z [230/231] Building C object zephyr/CMakeFiles/zephyr_final.dir/isr_tables.c.obj
2026-09-23T13:13:01.111Z [231/231] Linking C executable zephyr\zephyr.elf
2026-09-23T13:13:01.111Z Memory region         Used Size  Region Size  %age Used
2026-09-23T13:13:01.111Z            FLASH:       37000 B      1012 KB      3.57%
2026-09-23T13:13:01.111Z              RAM:        6616 B       192 KB      3.37%
2026-09-23T13:13:01.111Z         IDT_LIST:          0 GB        32 KB      0.00%
2026-09-23T13:13:01.111Z Generating files from E:/Projects/nanomaterials-nrf54/lmp91000_board/build/lmp91000_board/zephyr/zephyr.elf for board: nrf54l15dk
