Archive member included to satisfy reference by file (symbol)

app/libapp.a(main.c.obj)      (--whole-archive)
zephyr/libzephyr.a(heap.c.obj)
                              (--whole-archive)
zephyr/libzephyr.a(cbprintf_packaged.c.obj)
                              (--whole-archive)
zephyr/libzephyr.a(printk.c.obj)
                              (--whole-archive)
zephyr/libzephyr.a(sem.c.obj)
                              (--whole-archive)
zephyr/libzephyr.a(thread_entry.c.obj)
                              (--whole-archive)
zephyr/libzephyr.a(cbprintf_complete.c.obj)
                              (--whole-archive)
zephyr/libzephyr.a(assert.c.obj)
                              (--whole-archive)
zephyr/libzephyr.a(dec.c.obj)
                              (--whole-archive)
zephyr/libzephyr.a(hex.c.obj)
                              (--whole-archive)
zephyr/libzephyr.a(rb.c.obj)  (--whole-archive)
zephyr/libzephyr.a(timeutil.c.obj)
                              (--whole-archive)
zephyr/libzephyr.a(bitarray.c.obj)
                              (--whole-archive)
zephyr/libzephyr.a(onoff.c.obj)
                              (--whole-archive)
zephyr/libzephyr.a(notify.c.obj)
                              (--whole-archive)
zephyr/libzephyr.a(ring_buffer.c.obj)
                              (--whole-archive)
zephyr/libzephyr.a(last_section_id.c.obj)
                              (--whole-archive)
zephyr/libzephyr.a(configs.c.obj)
                              (--whole-archive)
zephyr/libzephyr.a(thread_info.c.obj)
                              (--whole-archive)
zephyr/libzephyr.a(mem_attr.c.obj)
                              (--whole-archive)
zephyr/libzephyr.a(tracing_none.c.obj)
                              (--whole-archive)
zephyr/libzephyr.a(banner.c.obj)
                              (--whole-archive)
zephyr/libzephyr.a(flash_map_partition_manager.c.obj)
                              (--whole-archive)
zephyr/arch/common/libarch__common.a(sw_isr_common.c.obj)
                              (--whole-archive)
zephyr/arch/arch/arm/core/libarch__arm__core.a(fatal.c.obj)
                              (--whole-archive)
zephyr/arch/arch/arm/core/libarch__arm__core.a(nmi.c.obj)
                              (--whole-archive)
zephyr/arch/arch/arm/core/libarch__arm__core.a(nmi_on_reset.S.obj)
                              (--whole-archive)
zephyr/arch/arch/arm/core/libarch__arm__core.a(tls.c.obj)
                              (--whole-archive)
zephyr/arch/arch/arm/core/cortex_m/libarch__arm__core__cortex_m.a(exc_exit.c.obj)
                              (--whole-archive)
zephyr/arch/arch/arm/core/cortex_m/libarch__arm__core__cortex_m.a(fault.c.obj)
                              (--whole-archive)
zephyr/arch/arch/arm/core/cortex_m/libarch__arm__core__cortex_m.a(fault_s.S.obj)
                              (--whole-archive)
zephyr/arch/arch/arm/core/cortex_m/libarch__arm__core__cortex_m.a(fpu.c.obj)
                              (--whole-archive)
zephyr/arch/arch/arm/core/cortex_m/libarch__arm__core__cortex_m.a(reset.S.obj)
                              (--whole-archive)
zephyr/arch/arch/arm/core/cortex_m/libarch__arm__core__cortex_m.a(scb.c.obj)
                              (--whole-archive)
zephyr/arch/arch/arm/core/cortex_m/libarch__arm__core__cortex_m.a(thread_abort.c.obj)
                              (--whole-archive)
zephyr/arch/arch/arm/core/cortex_m/libarch__arm__core__cortex_m.a(vector_table.S.obj)
                              (--whole-archive)
zephyr/arch/arch/arm/core/cortex_m/libarch__arm__core__cortex_m.a(swap_helper.S.obj)
                              (--whole-archive)
zephyr/arch/arch/arm/core/cortex_m/libarch__arm__core__cortex_m.a(irq_manage.c.obj)
                              (--whole-archive)
zephyr/arch/arch/arm/core/cortex_m/libarch__arm__core__cortex_m.a(prep_c.c.obj)
                              (--whole-archive)
zephyr/arch/arch/arm/core/cortex_m/libarch__arm__core__cortex_m.a(thread.c.obj)
                              (--whole-archive)
zephyr/arch/arch/arm/core/cortex_m/libarch__arm__core__cortex_m.a(cpu_idle.c.obj)
                              (--whole-archive)
zephyr/arch/arch/arm/core/cortex_m/libarch__arm__core__cortex_m.a(irq_init.c.obj)
                              (--whole-archive)
zephyr/arch/arch/arm/core/cortex_m/libarch__arm__core__cortex_m.a(isr_wrapper.c.obj)
                              (--whole-archive)
zephyr/arch/arch/arm/core/cortex_m/libarch__arm__core__cortex_m.a(__aeabi_read_tp.S.obj)
                              (--whole-archive)
zephyr/arch/arch/arm/core/cortex_m/cmse/libarch__arm__core__cortex_m__cmse.a(arm_core_cmse.c.obj)
                              (--whole-archive)
zephyr/arch/arch/arm/core/mpu/libarch__arm__core__mpu.a(arm_core_mpu.c.obj)
                              (--whole-archive)
zephyr/arch/arch/arm/core/mpu/libarch__arm__core__mpu.a(arm_mpu.c.obj)
                              (--whole-archive)
[...]
Memory Configuration

Name             Origin             Length             Attributes
FLASH            0x0000000000000000 0x00000000000fd000 xr
RAM              0x0000000020000000 0x0000000000030000 xw
IDT_LIST         0x00000000ffff7fff 0x0000000000008000 xw
*default*        0x0000000000000000 0xffffffffffffffff

Linker script and memory map

                0x0000000000005908                vfprintf = __l_vfprintf
                0x0000000000000000                vfscanf = __l_vfscanf
LOAD zephyr/CMakeFiles/zephyr_pre0.dir/misc/empty_file.c.obj
LOAD zephyr/CMakeFiles/offsets.dir/./arch/arm/core/offsets/offsets.c.obj
LOAD app/libapp.a
LOAD zephyr/libzephyr.a
LOAD zephyr/arch/common/libarch__common.a
LOAD zephyr/arch/arch/arm/core/libarch__arm__core.a
LOAD zephyr/arch/arch/arm/core/cortex_m/libarch__arm__core__cortex_m.a
LOAD zephyr/arch/arch/arm/core/cortex_m/cmse/libarch__arm__core__cortex_m__cmse.a
LOAD zephyr/arch/arch/arm/core/mpu/libarch__arm__core__mpu.a
LOAD zephyr/lib/libc/picolibc/liblib__libc__picolibc.a
LOAD zephyr/lib/libc/common/liblib__libc__common.a
LOAD zephyr/soc/soc/nrf54l10/libsoc__nordic.a
LOAD zephyr/drivers/cache/libdrivers__cache.a
LOAD zephyr/drivers/clock_control/libdrivers__clock_control.a
LOAD zephyr/drivers/gpio/libdrivers__gpio.a
LOAD zephyr/drivers/i2c/libdrivers__i2c.a
LOAD zephyr/drivers/pinctrl/libdrivers__pinctrl.a
LOAD zephyr/drivers/timer/libdrivers__timer.a
LOAD modules/nrf/subsys/nrf_security/src/zephyr/libmbedtls_zephyr.a
LOAD modules/hal_nordic/modules/hal_nordic/nrfx/libmodules__hal_nordic__nrfx.a
LOAD zephyr/kernel/libkernel.a
LOAD modules/nrf/subsys/nrf_security/src/libmbedcrypto.a
LOAD modules/nrf/subsys/nrf_security/src/core/nrf_oberon/libpsa_core.a
LOAD modules/nrf/subsys/nrf_security/src/drivers/cracen/libcracen_psa_driver.a
LOAD modules/nrf/subsys/nrf_security/src/libmbedcrypto_base.a
LOAD modules/nrf/subsys/nrf_security/src/libnrf_security_utils.a
LOAD zephyr/kernel/libkernel.a
LOAD zephyr/arch/common/libisr_tables.a
LOAD c:\ncs\toolchains\c1a76fddb2\opt\zephyr-sdk\arm-zephyr-eabi\bin\../lib/gcc/../../picolibc/arm-zephyr-eabi/lib/thumb/v8-m.main/nofp\libc.a
LOAD c:/ncs/toolchains/c1a76fddb2/opt/zephyr-sdk/arm-zephyr-eabi/bin/../lib/gcc/arm-zephyr-eabi/12.2.0/thumb/v8-m.main/nofp\libgcc.a
                0x0000000000000020                _region_min_align = 0x20

.rel.plt        0x0000000000000000        0x0
 *(SORT_BY_ALIGNMENT(.rel.plt))
                [!provide]                        PROVIDE (__rel_iplt_start = .)
 *(SORT_BY_ALIGNMENT(.rel.iplt))
 .rel.iplt      0x0000000000000000        0x0 app/libapp.a(main.c.obj)
                [!provide]                        PROVIDE (__rel_iplt_end = .)

.rela.plt       0x0000000000000000        0x0
 *(SORT_BY_ALIGNMENT(.rela.plt))
                [!provide]                        PROVIDE (__rela_iplt_start = .)
 *(SORT_BY_ALIGNMENT(.rela.iplt))
                [!provide]                        PROVIDE (__rela_iplt_end = .)

.rel.dyn
 *(SORT_BY_ALIGNMENT(.rel.*))

.rela.dyn
 *(SORT_BY_ALIGNMENT(.rela.*))

/DISCARD/
 *(SORT_BY_ALIGNMENT(.plt))

/DISCARD/
 *(SORT_BY_ALIGNMENT(.iplt))
                0x0000000000000000                __rom_region_start = 0x0

rom_start       0x0000000000000000      0x47c
                0x0000000000000000                __rom_start_address = .
 FILL mask 0x00
                0x0000000000000000                . = (. + (0x0 - (. - __rom_start_address)))
                0x0000000000000000                . = ALIGN (0x4)
                0x0000000000000000                . = ALIGN (0x80)
                0x0000000000000000                . = ALIGN (0x800)
                0x0000000000000000                _vector_start = .
 *(SORT_BY_ALIGNMENT(.exc_vector_table))
 *(SORT_BY_ALIGNMENT(.exc_vector_table.*))
 .exc_vector_table._vector_table_section
                0x0000000000000000       0x40 zephyr/arch/arch/arm/core/cortex_m/libarch__arm__core__cortex_m.a(vector_table.S.obj)
                0x0000000000000000                _vector_table
 *(SORT_BY_ALIGNMENT(.vectors))
                0x000000000000047c                _vector_end = .
                0x0000000000000040                . = ALIGN (0x4)
 *(SORT_BY_ALIGNMENT(.gnu.linkonce.irq_vector_table*))
 .gnu.linkonce.irq_vector_table
                0x0000000000000040      0x43c zephyr/arch/common/libisr_tables.a(isr_tables.c.obj)
                0x0000000000000040                _irq_vector_table
                0x000000000000047c                _vector_end = .

text            0x000000000000047c     0x6b68
                0x000000000000047c                __text_region_start = .
 *(SORT_BY_ALIGNMENT(.text))
 .text          0x000000000000047c       0x30 c:/ncs/toolchains/c1a76fddb2/opt/zephyr-sdk/arm-zephyr-eabi/bin/../lib/gcc/arm-zephyr-eabi/12.2.0/thumb/v8-m.main/nofp\libgcc.a(_aeabi_uldivmod.o)
                0x000000000000047c                __aeabi_uldivmod
 .text          0x00000000000004ac        0x4 c:/ncs/toolchains/c1a76fddb2/opt/zephyr-sdk/arm-zephyr-eabi/bin/../lib/gcc/arm-zephyr-eabi/12.2.0/thumb/v8-m.main/nofp\libgcc.a(_dvmd_tls.o)
                0x00000000000004ac                __aeabi_idiv0
                0x00000000000004ac                __aeabi_ldiv0
 .text          0x00000000000004b0      0x29c c:/ncs/toolchains/c1a76fddb2/opt/zephyr-sdk/arm-zephyr-eabi/bin/../lib/gcc/arm-zephyr-eabi/12.2.0/thumb/v8-m.main/nofp\libgcc.a(_udivmoddi4.o)
                0x00000000000004b0                __udivmoddi4
 *(SORT_BY_ALIGNMENT(.text.*))
 .text.lmp91000_read_status
                0x000000000000074c       0x60 app/libapp.a(main.c.obj)
                0x000000000000074c                lmp91000_read_status
 .text.main     0x00000000000007ac       0x8c app/libapp.a(main.c.obj)
                0x00000000000007ac                main
 .text.char_out
                0x0000000000000838        0xc zephyr/libzephyr.a(printk.c.obj)
 .text.vprintk  0x0000000000000844       0x30 zephyr/libzephyr.a(printk.c.obj)
                0x0000000000000844                vprintk
 .text.z_thread_entry
                0x0000000000000874       0x34 zephyr/libzephyr.a(thread_entry.c.obj)
                0x0000000000000874                z_thread_entry
 .text.process_event
                0x00000000000008a8      0x21c zephyr/libzephyr.a(onoff.c.obj)
 .text.mem_attr_get_regions
                0x0000000000000ac4        0xc zephyr/libzephyr.a(mem_attr.c.obj)
                0x0000000000000ac4                mem_attr_get_regions
 .text.boot_banner
                0x0000000000000ad0       0x1c zephyr/libzephyr.a(banner.c.obj)
                0x0000000000000ad0                boot_banner
 .text.z_SysNmiOnReset
                0x0000000000000aec        0x8 zephyr/arch/arch/arm/core/libarch__arm__core.a(nmi_on_reset.S.obj)
                0x0000000000000aec                z_SysNmiOnReset
 .text.arch_tls_stack_setup
                0x0000000000000af4       0x40 zephyr/arch/arch/arm/core/libarch__arm__core.a(tls.c.obj)
                0x0000000000000af4                arch_tls_stack_setup
 .text._HandlerModeExit
                0x0000000000000b34       0x20 zephyr/arch/arch/arm/core/cortex_m/libarch__arm__core__cortex_m.a(exc_exit.c.obj)
                0x0000000000000b34                z_arm_int_exit
                0x0000000000000b34                z_arm_exc_exit
 .text.usage_fault.constprop.0
                0x0000000000000b54       0x5c zephyr/arch/arch/arm/core/cortex_m/libarch__arm__core__cortex_m.a(fault.c.obj)
 .text.bus_fault.constprop.0
                0x0000000000000bb0       0x6c zephyr/arch/arch/arm/core/cortex_m/libarch__arm__core__cortex_m.a(fault.c.obj)
 .text.mem_manage_fault.constprop.0
                0x0000000000000c1c       0x78 zephyr/arch/arch/arm/core/cortex_m/libarch__arm__core__cortex_m.a(fault.c.obj)
 .text.z_arm_fault
                0x0000000000000c94      0x124 zephyr/arch/arch/arm/core/cortex_m/libarch__arm__core__cortex_m.a(fault.c.obj)
                0x0000000000000c94                z_arm_fault
 .text.z_arm_fault_init
                0x0000000000000db8       0x20 zephyr/arch/arch/arm/core/cortex_m/libarch__arm__core__cortex_m.a(fault.c.obj)
                0x0000000000000db8                z_arm_fault_init
 .text.__fault  0x0000000000000dd8       0x14 zephyr/arch/arch/arm/core/cortex_m/libarch__arm__core__cortex_m.a(fault_s.S.obj)
                0x0000000000000dd8                z_arm_usage_fault
                0x0000000000000dd8                z_arm_mpu_fault
                0x0000000000000dd8                z_arm_exc_spurious
                0x0000000000000dd8                z_arm_debug_monitor
                0x0000000000000dd8                z_arm_hard_fault
                0x0000000000000dd8                z_arm_bus_fault
 .text._reset_section
                0x0000000000000dec       0x68 zephyr/arch/arch/arm/core/cortex_m/libarch__arm__core__cortex_m.a(reset.S.obj)
                0x0000000000000dec                __start
                0x0000000000000dec                z_arm_reset
 .text.z_arm_clear_arm_mpu_config
                0x0000000000000e54       0x24 zephyr/arch/arch/arm/core/cortex_m/libarch__arm__core__cortex_m.a(scb.c.obj)
                0x0000000000000e54                z_arm_clear_arm_mpu_config
 .text.z_arm_init_arch_hw_at_boot
                0x0000000000000e78       0x4c zephyr/arch/arch/arm/core/cortex_m/libarch__arm__core__cortex_m.a(scb.c.obj)
                0x0000000000000e78                z_arm_init_arch_hw_at_boot
 .text.z_impl_k_thread_abort
                0x0000000000000ec4       0x2c zephyr/arch/arch/arm/core/cortex_m/libarch__arm__core__cortex_m.a(thread_abort.c.obj)
                0x0000000000000ec4                z_impl_k_thread_abort
 .text.z_arm_pendsv
                0x0000000000000ef0       0x68 zephyr/arch/arch/arm/core/cortex_m/libarch__arm__core__cortex_m.a(swap_helper.S.obj)
                0x0000000000000ef0                z_arm_pendsv
 .text.z_arm_svc
                0x0000000000000f58       0x24 zephyr/arch/arch/arm/core/cortex_m/libarch__arm__core__cortex_m.a(swap_helper.S.obj)
                0x0000000000000f58                z_arm_svc
 .text.arm_irq_enable
                0x0000000000000f7c       0x1c zephyr/arch/arch/arm/core/cortex_m/libarch__arm__core__cortex_m.a(irq_manage.c.obj)
                0x0000000000000f7c                arm_irq_enable
 .text.arm_irq_disable
                0x0000000000000f98       0x28 zephyr/arch/arch/arm/core/cortex_m/libarch__arm__core__cortex_m.a(irq_manage.c.obj)
                0x0000000000000f98                arm_irq_disable
 .text.arm_irq_is_enabled
                0x0000000000000fc0       0x1c zephyr/arch/arch/arm/core/cortex_m/libarch__arm__core__cortex_m.a(irq_manage.c.obj)
                0x0000000000000fc0                arm_irq_is_enabled
 .text.arm_irq_priority_set
                0x0000000000000fdc       0x2c zephyr/arch/arch/arm/core/cortex_m/libarch__arm__core__cortex_m.a(irq_manage.c.obj)
                0x0000000000000fdc                arm_irq_priority_set
 .text.relocate_vector_table
                0x0000000000001008       0x1c zephyr/arch/arch/arm/core/cortex_m/libarch__arm__core__cortex_m.a(prep_c.c.obj)
                0x0000000000001008                relocate_vector_table
 .text.z_prep_c
                0x0000000000001024       0x28 zephyr/arch/arch/arm/core/cortex_m/libarch__arm__core__cortex_m.a(prep_c.c.obj)
                0x0000000000001024                z_prep_c
 .text.arch_new_thread
                0x000000000000104c       0x38 zephyr/arch/arch/arm/core/cortex_m/libarch__arm__core__cortex_m.a(thread.c.obj)
                0x000000000000104c                arch_new_thread
 .text.arch_switch_to_main_thread
                0x0000000000001084       0x44 zephyr/arch/arch/arm/core/cortex_m/libarch__arm__core__cortex_m.a(thread.c.obj)
                0x0000000000001084                arch_switch_to_main_thread
 .text.z_arm_cpu_idle_init
                0x00000000000010c8        0xc zephyr/arch/arch/arm/core/cortex_m/libarch__arm__core__cortex_m.a(cpu_idle.c.obj)
                0x00000000000010c8                z_arm_cpu_idle_init
 .text.z_arm_interrupt_init
                0x00000000000010d4       0x20 zephyr/arch/arch/arm/core/cortex_m/libarch__arm__core__cortex_m.a(irq_init.c.obj)
                0x00000000000010d4                z_arm_interrupt_init
 .text._isr_wrapper
                0x00000000000010f4       0x24 zephyr/arch/arch/arm/core/cortex_m/libarch__arm__core__cortex_m.a(isr_wrapper.c.obj)
                0x00000000000010f4                _isr_wrapper
 .text.z_arm_configure_static_mpu_regions
                0x0000000000001118       0x38 zephyr/arch/arch/arm/core/mpu/libarch__arm__core__mpu.a(arm_core_mpu.c.obj)
                0x0000000000001118                z_arm_configure_static_mpu_regions
 .text.region_init
                0x0000000000001150       0x34 zephyr/arch/arch/arm/core/mpu/libarch__arm__core__mpu.a(arm_mpu.c.obj)
 .text.region_allocate_and_init
                0x0000000000001184       0x24 zephyr/arch/arch/arm/core/mpu/libarch__arm__core__mpu.a(arm_mpu.c.obj)
 .text.mpu_configure_regions_and_partition.constprop.0
                0x00000000000011a8      0x148 zephyr/arch/arch/arm/core/mpu/libarch__arm__core__mpu.a(arm_mpu.c.obj)
 .text.arm_core_mpu_enable
                0x00000000000012f0       0x18 zephyr/arch/arch/arm/core/mpu/libarch__arm__core__mpu.a(arm_mpu.c.obj)
                0x00000000000012f0                arm_core_mpu_enable
 .text.arm_core_mpu_disable
                0x0000000000001308       0x14 zephyr/arch/arch/arm/core/mpu/libarch__arm__core__mpu.a(arm_mpu.c.obj)
                0x0000000000001308                arm_core_mpu_disable
 .text.arm_core_mpu_configure_static_mpu_regions
                0x000000000000131c       0x14 zephyr/arch/arch/arm/core/mpu/libarch__arm__core__mpu.a(arm_mpu.c.obj)
                0x000000000000131c                arm_core_mpu_configure_static_mpu_regions
 .text.arm_core_mpu_mark_areas_for_dynamic_regions
                0x0000000000001330       0xb8 zephyr/arch/arch/arm/core/mpu/libarch__arm__core__mpu.a(arm_mpu.c.obj)
                0x0000000000001330                arm_core_mpu_mark_areas_for_dynamic_regions
 .text.z_arm_mpu_init
                0x00000000000013e8      0x11c zephyr/arch/arch/arm/core/mpu/libarch__arm__core__mpu.a(arm_mpu.c.obj)
                0x00000000000013e8                z_arm_mpu_init
 .text.malloc_prepare
                0x0000000000001504       0x24 zephyr/lib/libc/common/liblib__libc__common.a(malloc.c.obj)
 .text.nordicsemi_nrf54l_init
                0x0000000000001528       0xa4 zephyr/soc/soc/nrf54l10/libsoc__nordic.a(soc.c.obj)
                0x0000000000001528                nordicsemi_nrf54l_init
 .text.arch_busy_wait
                0x00000000000015cc       0x24 zephyr/soc/soc/nrf54l10/libsoc__nordic.a(soc.c.obj)
                0x00000000000015cc                arch_busy_wait
 .text.cache_instr_enable
                0x00000000000015f0       0x10 zephyr/drivers/cache/libdrivers__cache.a(cache_nrf.c.obj)
                0x00000000000015f0                cache_instr_enable
 .text.onoff_stop
                0x0000000000001600       0x30 zephyr/drivers/clock_control/libdrivers__clock_control.a(clock_control_nrf.c.obj)
 .text.onoff_start
                0x0000000000001630       0x44 zephyr/drivers/clock_control/libdrivers__clock_control.a(clock_control_nrf.c.obj)
 .text.generic_hfclk_stop
                0x0000000000001674       0x34 zephyr/drivers/clock_control/libdrivers__clock_control.a(clock_control_nrf.c.obj)
 .text.clk_init
                0x00000000000016a8       0x5c zephyr/drivers/clock_control/libdrivers__clock_control.a(clock_control_nrf.c.obj)
 .text.api_blocking_start
                0x0000000000001704       0x34 zephyr/drivers/clock_control/libdrivers__clock_control.a(clock_control_nrf.c.obj)
 .text.clkstarted_handle.constprop.0
                0x0000000000001738       0x4c zephyr/drivers/clock_control/libdrivers__clock_control.a(clock_control_nrf.c.obj)
 .text.generic_hfclk_start
                0x0000000000001784       0x78 zephyr/drivers/clock_control/libdrivers__clock_control.a(clock_control_nrf.c.obj)
 .text.z_nrf_clock_control_lf_on
                0x00000000000017fc       0xf4 zephyr/drivers/clock_control/libdrivers__clock_control.a(clock_control_nrf.c.obj)
                0x00000000000017fc                z_nrf_clock_control_lf_on
 .text.gpio_nrfx_pin_configure
                0x00000000000018f0      0x188 zephyr/drivers/gpio/libdrivers__gpio.a(gpio_nrfx.c.obj)
 .text.nrfx_gpio_handler
                0x0000000000001a78       0x58 zephyr/drivers/gpio/libdrivers__gpio.a(gpio_nrfx.c.obj)
 .text.gpio_nrfx_init
                0x0000000000001ad0       0x54 zephyr/drivers/gpio/libdrivers__gpio.a(gpio_nrfx.c.obj)
 .text.gpio_nrfx_pin_interrupt_configure
                0x0000000000001b24      0x11c zephyr/drivers/gpio/libdrivers__gpio.a(gpio_nrfx.c.obj)
 .text.event_handler
                0x0000000000001c40       0x38 zephyr/drivers/i2c/libdrivers__i2c.a(i2c_nrfx_twim.c.obj)
 .text.i2c_nrfx_twim_transfer
                0x0000000000001c78      0x14c zephyr/drivers/i2c/libdrivers__i2c.a(i2c_nrfx_twim.c.obj)
 .text.i2c_nrfx_twim_recover_bus
                0x0000000000001dc4       0x40 zephyr/drivers/i2c/libdrivers__i2c.a(i2c_nrfx_twim_common.c.obj)
                0x0000000000001dc4                i2c_nrfx_twim_recover_bus
 .text.i2c_nrfx_twim_msg_transfer
                0x0000000000001e04       0x6c zephyr/drivers/i2c/libdrivers__i2c.a(i2c_nrfx_twim_common.c.obj)
                0x0000000000001e04                i2c_nrfx_twim_msg_transfer
 .text.i2c_nrfx_twim_common_init
                0x0000000000001e70       0x3c zephyr/drivers/i2c/libdrivers__i2c.a(i2c_nrfx_twim_common.c.obj)
                0x0000000000001e70                i2c_nrfx_twim_common_init
 .text.nrf_gpio_pin_port_decode
                0x0000000000001eac       0x20 zephyr/drivers/pinctrl/libdrivers__pinctrl.a(pinctrl_nrf.c.obj)
 .text.pinctrl_configure_pins
                0x0000000000001ecc      0x160 zephyr/drivers/pinctrl/libdrivers__pinctrl.a(pinctrl_nrf.c.obj)
                0x0000000000001ecc                pinctrl_configure_pins
 .text.sys_clock_timeout_handler
                0x000000000000202c       0x40 zephyr/drivers/timer/libdrivers__timer.a(nrf_grtc_timer.c.obj)
 .text.sys_clock_driver_init
                0x000000000000206c       0x88 zephyr/drivers/timer/libdrivers__timer.a(nrf_grtc_timer.c.obj)
 .text.sys_clock_elapsed
                0x00000000000020f4       0x20 zephyr/drivers/timer/libdrivers__timer.a(nrf_grtc_timer.c.obj)
                0x00000000000020f4                sys_clock_elapsed
 .text.sys_clock_set_timeout
                0x0000000000002114       0x50 zephyr/drivers/timer/libdrivers__timer.a(nrf_grtc_timer.c.obj)
                0x0000000000002114                sys_clock_set_timeout
 .text.nrf54l_errata_32
                0x0000000000002164       0x20 modules/hal_nordic/modules/hal_nordic/nrfx/libmodules__hal_nordic__nrfx.a(system_nrf54l.c.obj)
 .text.nrf54l_handle_approtect_signal
                0x0000000000002184       0x34 modules/hal_nordic/modules/hal_nordic/nrfx/libmodules__hal_nordic__nrfx.a(system_nrf54l.c.obj)
 .text.SystemInit
                0x00000000000021b8      0x158 modules/hal_nordic/modules/hal_nordic/nrfx/libmodules__hal_nordic__nrfx.a(system_nrf54l.c.obj)
                0x00000000000021b8                SystemInit
 .text.nrfx_flag32_alloc
                0x0000000000002310       0x40 modules/hal_nordic/modules/hal_nordic/nrfx/libmodules__hal_nordic__nrfx.a(nrfx_flag32_allocator.c.obj)
                0x0000000000002310                nrfx_flag32_alloc
 .text.nrfx_flag32_free
                0x0000000000002350       0x38 modules/hal_nordic/modules/hal_nordic/nrfx/libmodules__hal_nordic__nrfx.a(nrfx_flag32_allocator.c.obj)
                0x0000000000002350                nrfx_flag32_free
 .text.clock_stop
                0x0000000000002388       0xf0 modules/hal_nordic/modules/hal_nordic/nrfx/libmodules__hal_nordic__nrfx.a(nrfx_clock.c.obj)
 .text.nrfx_clock_init
                0x0000000000002478       0x20 modules/hal_nordic/modules/hal_nordic/nrfx/libmodules__hal_nordic__nrfx.a(nrfx_clock.c.obj)
                0x0000000000002478                nrfx_clock_init
 .text.nrfx_clock_enable
                0x0000000000002498       0x2c modules/hal_nordic/modules/hal_nordic/nrfx/libmodules__hal_nordic__nrfx.a(nrfx_clock.c.obj)
                0x0000000000002498                nrfx_clock_enable
 .text.nrfx_clock_start
                0x00000000000024c4       0xe8 modules/hal_nordic/modules/hal_nordic/nrfx/libmodules__hal_nordic__nrfx.a(nrfx_clock.c.obj)
                0x00000000000024c4                nrfx_clock_start
 .text.nrfx_power_clock_irq_handler
                0x00000000000025ac       0x88 modules/hal_nordic/modules/hal_nordic/nrfx/libmodules__hal_nordic__nrfx.a(nrfx_clock.c.obj)
                0x00000000000025ac                nrfx_power_clock_irq_handler
 .text.nrf_gpio_pin_port_decode
                0x0000000000002634       0x20 modules/hal_nordic/modules/hal_nordic/nrfx/libmodules__hal_nordic__nrfx.a(nrfx_gpiote.c.obj)
 .text.get_pin_idx
                0x0000000000002654       0x14 modules/hal_nordic/modules/hal_nordic/nrfx/libmodules__hal_nordic__nrfx.a(nrfx_gpiote.c.obj)
 .text.release_handler
                0x0000000000002668       0x74 modules/hal_nordic/modules/hal_nordic/nrfx/libmodules__hal_nordic__nrfx.a(nrfx_gpiote.c.obj)
 .text.latch_pending_read_and_check
                0x00000000000026dc       0x58 modules/hal_nordic/modules/hal_nordic/nrfx/libmodules__hal_nordic__nrfx.a(nrfx_gpiote.c.obj)
 .text.pin_te_get.isra.0
                0x0000000000002734       0x20 modules/hal_nordic/modules/hal_nordic/nrfx/libmodules__hal_nordic__nrfx.a(nrfx_gpiote.c.obj)
 .text.pin_is_output.isra.0
                0x0000000000002754       0x24 modules/hal_nordic/modules/hal_nordic/nrfx/libmodules__hal_nordic__nrfx.a(nrfx_gpiote.c.obj)
 .text.pin_in_use_by_te.isra.0
                0x0000000000002778       0x24 modules/hal_nordic/modules/hal_nordic/nrfx/libmodules__hal_nordic__nrfx.a(nrfx_gpiote.c.obj)
 .text.irq_handler
                0x000000000000279c      0x1d4 modules/hal_nordic/modules/hal_nordic/nrfx/libmodules__hal_nordic__nrfx.a(nrfx_gpiote.c.obj)
 .text.pin_uninit
                0x0000000000002970       0xa4 modules/hal_nordic/modules/hal_nordic/nrfx/libmodules__hal_nordic__nrfx.a(nrfx_gpiote.c.obj)
 .text.nrfx_gpiote_input_configure
                0x0000000000002a14      0x1d8 modules/hal_nordic/modules/hal_nordic/nrfx/libmodules__hal_nordic__nrfx.a(nrfx_gpiote.c.obj)
                0x0000000000002a14                nrfx_gpiote_input_configure
 .text.nrfx_gpiote_output_configure
                0x0000000000002bec      0x128 modules/hal_nordic/modules/hal_nordic/nrfx/libmodules__hal_nordic__nrfx.a(nrfx_gpiote.c.obj)
                0x0000000000002bec                nrfx_gpiote_output_configure
 .text.nrfx_gpiote_global_callback_set
                0x0000000000002d14       0x1c modules/hal_nordic/modules/hal_nordic/nrfx/libmodules__hal_nordic__nrfx.a(nrfx_gpiote.c.obj)
                0x0000000000002d14                nrfx_gpiote_global_callback_set
 .text.nrfx_gpiote_channel_get
                0x0000000000002d30       0x3c modules/hal_nordic/modules/hal_nordic/nrfx/libmodules__hal_nordic__nrfx.a(nrfx_gpiote.c.obj)
                0x0000000000002d30                nrfx_gpiote_channel_get
 .text.nrfx_gpiote_init
                0x0000000000002d6c       0x80 modules/hal_nordic/modules/hal_nordic/nrfx/libmodules__hal_nordic__nrfx.a(nrfx_gpiote.c.obj)
                0x0000000000002d6c                nrfx_gpiote_init
 .text.nrfx_gpiote_init_check
                0x0000000000002dec       0x1c modules/hal_nordic/modules/hal_nordic/nrfx/libmodules__hal_nordic__nrfx.a(nrfx_gpiote.c.obj)
                0x0000000000002dec                nrfx_gpiote_init_check
 .text.nrfx_gpiote_channel_free
                0x0000000000002e08       0x10 modules/hal_nordic/modules/hal_nordic/nrfx/libmodules__hal_nordic__nrfx.a(nrfx_gpiote.c.obj)
                0x0000000000002e08                nrfx_gpiote_channel_free
 .text.nrfx_gpiote_channel_alloc
                0x0000000000002e18       0x10 modules/hal_nordic/modules/hal_nordic/nrfx/libmodules__hal_nordic__nrfx.a(nrfx_gpiote.c.obj)
                0x0000000000002e18                nrfx_gpiote_channel_alloc
 .text.nrfx_gpiote_trigger_enable
                0x0000000000002e28       0xb8 modules/hal_nordic/modules/hal_nordic/nrfx/libmodules__hal_nordic__nrfx.a(nrfx_gpiote.c.obj)
                0x0000000000002e28                nrfx_gpiote_trigger_enable
 .text.nrfx_gpiote_20_irq_handler
                0x0000000000002ee0       0x10 modules/hal_nordic/modules/hal_nordic/nrfx/libmodules__hal_nordic__nrfx.a(nrfx_gpiote.c.obj)
                0x0000000000002ee0                nrfx_gpiote_20_irq_handler
 .text.nrfx_gpiote_30_irq_handler
                0x0000000000002ef0       0x10 modules/hal_nordic/modules/hal_nordic/nrfx/libmodules__hal_nordic__nrfx.a(nrfx_gpiote.c.obj)
                0x0000000000002ef0                nrfx_gpiote_30_irq_handler
 .text.cc_channel_prepare
                0x0000000000002f00       0x40 modules/hal_nordic/modules/hal_nordic/nrfx/libmodules__hal_nordic__nrfx.a(nrfx_grtc.c.obj)
 .text.sleep_configure
                0x0000000000002f40       0x24 modules/hal_nordic/modules/hal_nordic/nrfx/libmodules__hal_nordic__nrfx.a(nrfx_grtc.c.obj)
 .text.syscounter_check
                0x0000000000002f64       0x38 modules/hal_nordic/modules/hal_nordic/nrfx/libmodules__hal_nordic__nrfx.a(nrfx_grtc.c.obj)
 .text.nrfx_grtc_syscounter_get
                0x0000000000002f9c       0x48 modules/hal_nordic/modules/hal_nordic/nrfx/libmodules__hal_nordic__nrfx.a(nrfx_grtc.c.obj)
                0x0000000000002f9c                nrfx_grtc_syscounter_get
 .text.nrfx_grtc_init
                0x0000000000002fe4      0x120 modules/hal_nordic/modules/hal_nordic/nrfx/libmodules__hal_nordic__nrfx.a(nrfx_grtc.c.obj)
                0x0000000000002fe4                nrfx_grtc_init
 .text.nrfx_grtc_syscounter_start
                0x0000000000003104       0xc8 modules/hal_nordic/modules/hal_nordic/nrfx/libmodules__hal_nordic__nrfx.a(nrfx_grtc.c.obj)
                0x0000000000003104                nrfx_grtc_syscounter_start
 .text.nrfx_grtc_syscounter_cc_absolute_set
                0x00000000000031cc       0x98 modules/hal_nordic/modules/hal_nordic/nrfx/libmodules__hal_nordic__nrfx.a(nrfx_grtc.c.obj)
                0x00000000000031cc                nrfx_grtc_syscounter_cc_absolute_set
 .text.nrfx_grtc_irq_handler
                0x0000000000003264       0xb0 modules/hal_nordic/modules/hal_nordic/nrfx/libmodules__hal_nordic__nrfx.a(nrfx_grtc.c.obj)
                0x0000000000003264                nrfx_grtc_irq_handler
 .text.__nrfy_internal_rramc_config_set.constprop.0.isra.0
                0x0000000000003314       0x18 modules/hal_nordic/modules/hal_nordic/nrfx/libmodules__hal_nordic__nrfx.a(nrfx_rramc.c.obj)
 .text.twim_configure
                0x000000000000332c       0x3c modules/hal_nordic/modules/hal_nordic/nrfx/libmodules__hal_nordic__nrfx.a(nrfx_twim.c.obj)
 .text.nrf_gpio_cfg_default
                0x0000000000003368       0x3c modules/hal_nordic/modules/hal_nordic/nrfx/libmodules__hal_nordic__nrfx.a(nrfx_twim.c.obj)
 .text.pins_configure
                0x00000000000033a4       0x68 modules/hal_nordic/modules/hal_nordic/nrfx/libmodules__hal_nordic__nrfx.a(nrfx_twim.c.obj)
 .text.nrfx_twim_init
                0x000000000000340c       0x74 modules/hal_nordic/modules/hal_nordic/nrfx/libmodules__hal_nordic__nrfx.a(nrfx_twim.c.obj)
                0x000000000000340c                nrfx_twim_init
 .text.nrfx_twim_enable
                0x0000000000003480       0x20 modules/hal_nordic/modules/hal_nordic/nrfx/libmodules__hal_nordic__nrfx.a(nrfx_twim.c.obj)
                0x0000000000003480                nrfx_twim_enable
 .text.nrfx_twim_disable
                0x00000000000034a0       0x40 modules/hal_nordic/modules/hal_nordic/nrfx/libmodules__hal_nordic__nrfx.a(nrfx_twim.c.obj)
                0x00000000000034a0                nrfx_twim_disable
 .text.nrfx_twim_uninit
                0x00000000000034e0       0x50 modules/hal_nordic/modules/hal_nordic/nrfx/libmodules__hal_nordic__nrfx.a(nrfx_twim.c.obj)
                0x00000000000034e0                nrfx_twim_uninit
 .text.nrfx_twim_xfer
                0x0000000000003530      0x340 modules/hal_nordic/modules/hal_nordic/nrfx/libmodules__hal_nordic__nrfx.a(nrfx_twim.c.obj)
                0x0000000000003530                nrfx_twim_xfer
 .text.nrfx_twim_20_irq_handler
                0x0000000000003870      0x180 modules/hal_nordic/modules/hal_nordic/nrfx/libmodules__hal_nordic__nrfx.a(nrfx_twim.c.obj)
                0x0000000000003870                nrfx_twim_20_irq_handler
 .text.nrf_gpio_pin_port_decode
                0x00000000000039f0       0x20 modules/hal_nordic/modules/hal_nordic/nrfx/libmodules__hal_nordic__nrfx.a(nrfx_twi_twim.c.obj)
 .text.nrfx_twi_twim_bus_recover
                0x0000000000003a10       0xd4 modules/hal_nordic/modules/hal_nordic/nrfx/libmodules__hal_nordic__nrfx.a(nrfx_twi_twim.c.obj)
                0x0000000000003a10                nrfx_twi_twim_bus_recover
 .text.z_fatal_error
                0x0000000000003ae4       0x30 zephyr/kernel/libkernel.a(fatal.c.obj)
                0x0000000000003ae4                z_fatal_error
 .text.z_sys_init_run_level
                0x0000000000003b14       0x30 zephyr/kernel/libkernel.a(init.c.obj)
 .text.bg_thread_main
                0x0000000000003b44       0xc0 zephyr/kernel/libkernel.a(init.c.obj)
 .text.z_bss_zero
                0x0000000000003c04       0x18 zephyr/kernel/libkernel.a(init.c.obj)
                0x0000000000003c04                z_bss_zero
 .text.z_init_cpu
                0x0000000000003c1c       0x70 zephyr/kernel/libkernel.a(init.c.obj)
                0x0000000000003c1c                z_init_cpu
 .text.z_cstart
                0x0000000000003c8c       0xd0 zephyr/kernel/libkernel.a(init.c.obj)
                0x0000000000003c8c                z_cstart
 .text.z_impl_k_mutex_lock
                0x0000000000003d5c       0xf0 zephyr/kernel/libkernel.a(mutex.c.obj)
                0x0000000000003d5c                z_impl_k_mutex_lock
 .text.z_impl_k_mutex_unlock
                0x0000000000003e4c       0xa0 zephyr/kernel/libkernel.a(mutex.c.obj)
                0x0000000000003e4c                z_impl_k_mutex_unlock
 .text.z_impl_k_sem_give
                0x0000000000003eec       0x68 zephyr/kernel/libkernel.a(sem.c.obj)
                0x0000000000003eec                z_impl_k_sem_give
 .text.z_impl_k_sem_take
                0x0000000000003f54       0x4c zephyr/kernel/libkernel.a(sem.c.obj)
                0x0000000000003f54                z_impl_k_sem_take
 .text.z_setup_new_thread
                0x0000000000003fa0       0xd0 zephyr/kernel/libkernel.a(thread.c.obj)
                0x0000000000003fa0                z_setup_new_thread
 .text.z_dummy_thread_init
                0x0000000000004070       0x1c zephyr/kernel/libkernel.a(thread.c.obj)
                0x0000000000004070                z_dummy_thread_init
 .text.z_swap_irqlock
                0x000000000000408c       0x34 zephyr/kernel/libkernel.a(sched.c.obj)
 .text.ready_thread
                0x00000000000040c0       0x84 zephyr/kernel/libkernel.a(sched.c.obj)
 .text.unready_thread
                0x0000000000004144       0x54 zephyr/kernel/libkernel.a(sched.c.obj)
 .text.add_thread_timeout
                0x0000000000004198       0x1c zephyr/kernel/libkernel.a(sched.c.obj)
 .text.move_thread_to_end_of_prio_q
                0x00000000000041b4       0x90 zephyr/kernel/libkernel.a(sched.c.obj)
                0x00000000000041b4                move_thread_to_end_of_prio_q
 .text.z_pend_curr
                0x0000000000004244       0x44 zephyr/kernel/libkernel.a(sched.c.obj)
                0x0000000000004244                z_pend_curr
 .text.z_thread_prio_set
                0x0000000000004288       0xe4 zephyr/kernel/libkernel.a(sched.c.obj)
                0x0000000000004288                z_thread_prio_set
 .text.z_reschedule
                0x000000000000436c       0x24 zephyr/kernel/libkernel.a(sched.c.obj)
                0x000000000000436c                z_reschedule
 .text.z_reschedule_irqlock
                0x0000000000004390       0x28 zephyr/kernel/libkernel.a(sched.c.obj)
                0x0000000000004390                z_reschedule_irqlock
 .text.k_sched_lock
                0x00000000000043b8       0x28 zephyr/kernel/libkernel.a(sched.c.obj)
                0x00000000000043b8                k_sched_lock
 .text.k_sched_unlock
                0x00000000000043e0       0x68 zephyr/kernel/libkernel.a(sched.c.obj)
                0x00000000000043e0                k_sched_unlock
 .text.z_sched_init
                0x0000000000004448       0x10 zephyr/kernel/libkernel.a(sched.c.obj)
                0x0000000000004448                z_sched_init
 .text.z_impl_k_yield
                0x0000000000004458       0x88 zephyr/kernel/libkernel.a(sched.c.obj)
                0x0000000000004458                z_impl_k_yield
 .text.z_tick_sleep
                0x00000000000044e0       0x78 zephyr/kernel/libkernel.a(sched.c.obj)
 .text.z_impl_k_sleep
                0x0000000000004558       0x5c zephyr/kernel/libkernel.a(sched.c.obj)
                0x0000000000004558                z_impl_k_sleep
 .text.z_impl_k_wakeup
                0x00000000000045b4       0x48 zephyr/kernel/libkernel.a(sched.c.obj)
                0x00000000000045b4                z_impl_k_wakeup
 .text.z_impl_k_sched_current_thread_query
                0x00000000000045fc        0xc zephyr/kernel/libkernel.a(sched.c.obj)
                0x00000000000045fc                z_impl_k_sched_current_thread_query
 .text.z_thread_abort
                0x0000000000004608      0x140 zephyr/kernel/libkernel.a(sched.c.obj)
                0x0000000000004608                z_thread_abort
 .text.slice_timeout
                0x0000000000004748       0x20 zephyr/kernel/libkernel.a(timeslicing.c.obj)
 .text.thread_is_sliceable
                0x0000000000004768       0x3c zephyr/kernel/libkernel.a(timeslicing.c.obj)
                0x0000000000004768                thread_is_sliceable
 .text.z_reset_time_slice
                0x00000000000047a4       0x50 zephyr/kernel/libkernel.a(timeslicing.c.obj)
                0x00000000000047a4                z_reset_time_slice
 .text.z_time_slice
                0x00000000000047f4       0x60 zephyr/kernel/libkernel.a(timeslicing.c.obj)
                0x00000000000047f4                z_time_slice
 .text.z_thread_monitor_exit
                0x0000000000004854       0x44 zephyr/kernel/libkernel.a(thread_monitor.c.obj)
                0x0000000000004854                z_thread_monitor_exit
 .text.z_data_copy
                0x0000000000004898       0x38 zephyr/kernel/libkernel.a(xip.c.obj)
                0x0000000000004898                z_data_copy
 .text.first    0x00000000000048d0       0x10 zephyr/kernel/libkernel.a(timeout.c.obj)
 .text.elapsed  0x00000000000048e0       0x14 zephyr/kernel/libkernel.a(timeout.c.obj)
 .text.remove_timeout
                0x00000000000048f4       0x38 zephyr/kernel/libkernel.a(timeout.c.obj)
 .text.z_add_timeout
                0x000000000000492c      0x124 zephyr/kernel/libkernel.a(timeout.c.obj)
                0x000000000000492c                z_add_timeout
 .text.sys_clock_announce
                0x0000000000004a50       0xbc zephyr/kernel/libkernel.a(timeout.c.obj)
                0x0000000000004a50                sys_clock_announce
 .text.sys_clock_tick_get
                0x0000000000004b0c       0x30 zephyr/kernel/libkernel.a(timeout.c.obj)
                0x0000000000004b0c                sys_clock_tick_get
 .text.psa_get_initialized
                0x0000000000004b3c       0x4c modules/nrf/subsys/nrf_security/src/core/nrf_oberon/libpsa_core.a(psa_crypto.c.obj)
 .text.mbedtls_psa_crypto_free
                0x0000000000004b88       0x90 modules/nrf/subsys/nrf_security/src/core/nrf_oberon/libpsa_core.a(psa_crypto.c.obj)
                0x0000000000004b88                mbedtls_psa_crypto_free
 .text.psa_crypto_init
                0x0000000000004c18      0x104 modules/nrf/subsys/nrf_security/src/core/nrf_oberon/libpsa_core.a(psa_crypto.c.obj)
                0x0000000000004c18                psa_crypto_init
 .text.psa_initialize_key_slots
                0x0000000000004d1c       0x10 modules/nrf/subsys/nrf_security/src/core/nrf_oberon/libpsa_core.a(psa_crypto_slot_management.c.obj)
                0x0000000000004d1c                psa_initialize_key_slots
 .text.psa_wipe_all_key_slots
                0x0000000000004d2c       0x34 modules/nrf/subsys/nrf_security/src/core/nrf_oberon/libpsa_core.a(psa_crypto_slot_management.c.obj)
                0x0000000000004d2c                psa_wipe_all_key_slots
 .text.mbedtls_free
                0x0000000000004d60        0xc modules/nrf/subsys/nrf_security/src/core/nrf_oberon/libpsa_core.a(platform.c.obj)
                0x0000000000004d60                mbedtls_free
 .text.mbedtls_platform_zeroize
                0x0000000000004d6c       0x18 modules/nrf/subsys/nrf_security/src/core/nrf_oberon/libpsa_core.a(platform_util.c.obj)
                0x0000000000004d6c                mbedtls_platform_zeroize
 .text.cracen_acquire
                0x0000000000004d84       0x40 modules/nrf/subsys/nrf_security/src/drivers/cracen/libcracen_psa_driver.a(cracen.c.obj)
                0x0000000000004d84                cracen_acquire
 .text.cracen_release
                0x0000000000004dc4       0x6c modules/nrf/subsys/nrf_security/src/drivers/cracen/libcracen_psa_driver.a(cracen.c.obj)
                0x0000000000004dc4                cracen_release
 .text.cracen_init
                0x0000000000004e30       0x5c modules/nrf/subsys/nrf_security/src/drivers/cracen/libcracen_psa_driver.a(cracen.c.obj)
                0x0000000000004e30                cracen_init
 .text.lib_kmu_clear_all_events
                0x0000000000004e8c       0x24 modules/nrf/subsys/nrf_security/src/drivers/cracen/libcracen_psa_driver.a(lib_kmu.c.obj)
                0x0000000000004e8c                lib_kmu_clear_all_events
 .text.trigger_task_and_wait_for_event_or_error
                0x0000000000004eb0       0x54 modules/nrf/subsys/nrf_security/src/drivers/cracen/libcracen_psa_driver.a(lib_kmu.c.obj)
 .text.lib_kmu_provision_slot
                0x0000000000004f04       0x3c modules/nrf/subsys/nrf_security/src/drivers/cracen/libcracen_psa_driver.a(lib_kmu.c.obj)
                0x0000000000004f04                lib_kmu_provision_slot
 .text.lib_kmu_revoke_slot
                0x0000000000004f40       0x34 modules/nrf/subsys/nrf_security/src/drivers/cracen/libcracen_psa_driver.a(lib_kmu.c.obj)
                0x0000000000004f40                lib_kmu_revoke_slot
 .text.lib_kmu_read_metadata
                0x0000000000004f74       0x30 modules/nrf/subsys/nrf_security/src/drivers/cracen/libcracen_psa_driver.a(lib_kmu.c.obj)
                0x0000000000004f74                lib_kmu_read_metadata
 .text.cracen_kmu_provision
                0x0000000000004fa4      0x250 modules/nrf/subsys/nrf_security/src/drivers/cracen/libcracen_psa_driver.a(kmu.c.obj)
                0x0000000000004fa4                cracen_kmu_provision
 .text.cracen_provision_prot_ram_inv_data
                0x00000000000051f4       0x7c modules/nrf/subsys/nrf_security/src/drivers/cracen/libcracen_psa_driver.a(kmu.c.obj)
                0x00000000000051f4                cracen_provision_prot_ram_inv_data
 .text.sx_hw_reserve
                0x0000000000005270       0x54 modules/nrf/subsys/nrf_security/src/drivers/cracen/libcracen_psa_driver.a(cmdma_hw.c.obj)
                0x0000000000005270                sx_hw_reserve
 .text.sx_cmdma_release_hw
                0x00000000000052c4       0x30 modules/nrf/subsys/nrf_security/src/drivers/cracen/libcracen_psa_driver.a(cmdma_hw.c.obj)
                0x00000000000052c4                sx_cmdma_release_hw
 .text.cracen_isr_handler
                0x00000000000052f4       0x68 modules/nrf/subsys/nrf_security/src/drivers/cracen/libcracen_psa_driver.a(interrupts.c.obj)
                0x00000000000052f4                cracen_isr_handler
 .text.cracen_interrupts_init
                0x000000000000535c       0x28 modules/nrf/subsys/nrf_security/src/drivers/cracen/libcracen_psa_driver.a(interrupts.c.obj)
                0x000000000000535c                cracen_interrupts_init
 .text.cracen_wait_for_cm_interrupt
                0x0000000000005384       0x30 modules/nrf/subsys/nrf_security/src/drivers/cracen/libcracen_psa_driver.a(interrupts.c.obj)
                0x0000000000005384                cracen_wait_for_cm_interrupt
 .text.sx_pk_fetch_capabilities
                0x00000000000053b4       0x24 modules/nrf/subsys/nrf_security/src/drivers/cracen/libcracen_psa_driver.a(pk_baremetal.c.obj)
                0x00000000000053b4                sx_pk_fetch_capabilities
 .text.sx_pk_init
                0x00000000000053d8       0x3c modules/nrf/subsys/nrf_security/src/drivers/cracen/libcracen_psa_driver.a(pk_baremetal.c.obj)
                0x00000000000053d8                sx_pk_init
 .text.sx_get_current_req
                0x0000000000005414        0x8 modules/nrf/subsys/nrf_security/src/drivers/cracen/libcracen_psa_driver.a(pk_baremetal.c.obj)
                0x0000000000005414                sx_get_current_req
 .text.ctr_drbg_update
                0x000000000000541c       0x9c modules/nrf/subsys/nrf_security/src/drivers/cracen/libcracen_psa_driver.a(ctr_drbg.c.obj)
 .text.cracen_init_random
                0x00000000000054b8       0x70 modules/nrf/subsys/nrf_security/src/drivers/cracen/libcracen_psa_driver.a(ctr_drbg.c.obj)
                0x00000000000054b8                cracen_init_random
 .text.cracen_get_random
                0x0000000000005528      0x110 modules/nrf/subsys/nrf_security/src/drivers/cracen/libcracen_psa_driver.a(ctr_drbg.c.obj)
                0x0000000000005528                cracen_get_random
 .text.sx_blkcipher_ecb_simple
                0x0000000000005638       0xa4 modules/nrf/subsys/nrf_security/src/drivers/cracen/libcracen_psa_driver.a(blkcipher.c.obj)
                0x0000000000005638                sx_blkcipher_ecb_simple
 .text.sx_trng_flush
                0x00000000000056dc       0x30 modules/nrf/subsys/nrf_security/src/drivers/cracen/libcracen_psa_driver.a(trng.c.obj)
 .text.sx_trng_restart
                0x000000000000570c       0x28 modules/nrf/subsys/nrf_security/src/drivers/cracen/libcracen_psa_driver.a(trng.c.obj)
                0x000000000000570c                sx_trng_restart
 .text.sx_trng_open
                0x0000000000005734       0xa4 modules/nrf/subsys/nrf_security/src/drivers/cracen/libcracen_psa_driver.a(trng.c.obj)
                0x0000000000005734                sx_trng_open
 .text.sx_trng_get
                0x00000000000057d8       0xd4 modules/nrf/subsys/nrf_security/src/drivers/cracen/libcracen_psa_driver.a(trng.c.obj)
                0x00000000000057d8                sx_trng_get
 .text.k_event_post_internal
                0x00000000000058ac       0x5c zephyr/kernel/libkernel.a(events.c.obj)
 .text.__l_vfprintf
                0x0000000000005908      0x4b4 c:\ncs\toolchains\c1a76fddb2\opt\zephyr-sdk\arm-zephyr-eabi\bin\../lib/gcc/../../picolibc/arm-zephyr-eabi/lib/thumb/v8-m.main/nofp\libc.a(libc_tinystdio_vflprintf.c.o)
                0x0000000000005908                __l_vfprintf
 .text._OffsetAbsSyms
                0x0000000000005dbc        0x2 zephyr/CMakeFiles/offsets.dir/./arch/arm/core/offsets/offsets.c.obj
                0x0000000000005dbc                _OffsetAbsSyms
 .text.gpio_pin_set_dt.isra.0
                0x0000000000005dbe       0x28 app/libapp.a(main.c.obj)
 .text.gpio_pin_configure_dt.constprop.0.isra.0
                0x0000000000005de6       0x2c app/libapp.a(main.c.obj)
 .text.chunk_field
                0x0000000000005e12       0x16 zephyr/libzephyr.a(heap.c.obj)
 .text.chunk_set
                0x0000000000005e28       0x16 zephyr/libzephyr.a(heap.c.obj)
 .text.chunk_size
                0x0000000000005e3e        0xc zephyr/libzephyr.a(heap.c.obj)
 .text.set_chunk_used
                0x0000000000005e4a       0x30 zephyr/libzephyr.a(heap.c.obj)
 .text.set_chunk_size
                0x0000000000005e7a        0x8 zephyr/libzephyr.a(heap.c.obj)
 .text.bucket_idx.isra.0
                0x0000000000005e82       0x1c zephyr/libzephyr.a(heap.c.obj)
 .text.free_list_add
                0x0000000000005e9e       0x84 zephyr/libzephyr.a(heap.c.obj)
 .text.sys_heap_init
                0x0000000000005f22       0xb0 zephyr/libzephyr.a(heap.c.obj)
                0x0000000000005f22                sys_heap_init
 .text.arch_printk_char_out
                0x0000000000005fd2        0x4 zephyr/libzephyr.a(printk.c.obj)
                0x0000000000005fd2                arch_printk_char_out
 .text.printk   0x0000000000005fd6       0x1a zephyr/libzephyr.a(printk.c.obj)
                0x0000000000005fd6                printk
 .text.process_recheck
                0x0000000000005ff0       0x38 zephyr/libzephyr.a(onoff.c.obj)
 .text.validate_args
                0x0000000000006028       0x20 zephyr/libzephyr.a(onoff.c.obj)
 .text.notify_one
                0x0000000000006048       0x2c zephyr/libzephyr.a(onoff.c.obj)
 .text.transition_complete
                0x0000000000006074       0x1a zephyr/libzephyr.a(onoff.c.obj)
 .text.onoff_manager_init
                0x000000000000608e       0x26 zephyr/libzephyr.a(onoff.c.obj)
                0x000000000000608e                onoff_manager_init
 .text.onoff_request
                0x00000000000060b4       0xae zephyr/libzephyr.a(onoff.c.obj)
                0x00000000000060b4                onoff_request
 .text.sys_notify_validate
                0x0000000000006162       0x22 zephyr/libzephyr.a(notify.c.obj)
                0x0000000000006162                sys_notify_validate
 .text.sys_notify_finalize
                0x0000000000006184       0x1a zephyr/libzephyr.a(notify.c.obj)
                0x0000000000006184                sys_notify_finalize
 .text._ConfigAbsSyms
                0x000000000000619e        0x2 zephyr/libzephyr.a(configs.c.obj)
                0x000000000000619e                _ConfigAbsSyms
 .text.z_arm_fatal_error
                0x00000000000061a0        0xc zephyr/arch/arch/arm/core/libarch__arm__core.a(fatal.c.obj)
                0x00000000000061a0                z_arm_fatal_error
 .text.z_do_kernel_oops
                0x00000000000061ac        0x8 zephyr/arch/arch/arm/core/libarch__arm__core.a(fatal.c.obj)
                0x00000000000061ac                z_do_kernel_oops
 .text.z_arm_nmi
                0x00000000000061b4        0xe zephyr/arch/arch/arm/core/libarch__arm__core.a(nmi.c.obj)
                0x00000000000061b4                z_arm_nmi
 .text.z_irq_spurious
                0x00000000000061c2        0x8 zephyr/arch/arch/arm/core/cortex_m/libarch__arm__core__cortex_m.a(irq_manage.c.obj)
                0x00000000000061c2                z_irq_spurious
 .text.configure_builtin_stack_guard
                0x00000000000061ca        0xa zephyr/arch/arch/arm/core/cortex_m/libarch__arm__core__cortex_m.a(thread.c.obj)
                0x00000000000061ca                configure_builtin_stack_guard
 .text.arch_irq_unlock_outlined
                0x00000000000061d4        0xe zephyr/arch/arch/arm/core/cortex_m/libarch__arm__core__cortex_m.a(thread.c.obj)
                0x00000000000061d4                arch_irq_unlock_outlined
 .text.arch_cpu_idle
                0x00000000000061e2       0x1a zephyr/arch/arch/arm/core/cortex_m/libarch__arm__core__cortex_m.a(cpu_idle.c.obj)
                0x00000000000061e2                arch_cpu_idle
 .text.arch_cpu_atomic_idle
                0x00000000000061fc       0x1e zephyr/arch/arch/arm/core/cortex_m/libarch__arm__core__cortex_m.a(cpu_idle.c.obj)
                0x00000000000061fc                arch_cpu_atomic_idle
 .text.arm_cmse_mpu_region_get
                0x000000000000621a       0x12 zephyr/arch/arch/arm/core/cortex_m/cmse/libarch__arm__core__cortex_m__cmse.a(arm_core_cmse.c.obj)
                0x000000000000621a                arm_cmse_mpu_region_get
 .text.mpu_configure_region
                0x000000000000622c       0x32 zephyr/arch/arch/arm/core/mpu/libarch__arm__core__mpu.a(arm_mpu.c.obj)
 .text.get_status
                0x000000000000625e       0x12 zephyr/drivers/clock_control/libdrivers__clock_control.a(clock_control_nrf.c.obj)
 .text.stop     0x0000000000006270       0x52 zephyr/drivers/clock_control/libdrivers__clock_control.a(clock_control_nrf.c.obj)
 .text.api_stop
                0x00000000000062c2        0x6 zephyr/drivers/clock_control/libdrivers__clock_control.a(clock_control_nrf.c.obj)
 .text.async_start
                0x00000000000062c8       0x5c zephyr/drivers/clock_control/libdrivers__clock_control.a(clock_control_nrf.c.obj)
 .text.api_start
                0x0000000000006324        0xe zephyr/drivers/clock_control/libdrivers__clock_control.a(clock_control_nrf.c.obj)
 .text.onoff_started_callback
                0x0000000000006332       0x12 zephyr/drivers/clock_control/libdrivers__clock_control.a(clock_control_nrf.c.obj)
 .text.lfclk_start
                0x0000000000006344        0x6 zephyr/drivers/clock_control/libdrivers__clock_control.a(clock_control_nrf.c.obj)
 .text.lfclk_stop
                0x000000000000634a        0x6 zephyr/drivers/clock_control/libdrivers__clock_control.a(clock_control_nrf.c.obj)
 .text.blocking_start_callback
                0x0000000000006350        0x6 zephyr/drivers/clock_control/libdrivers__clock_control.a(clock_control_nrf.c.obj)
 .text.clock_event_handler
                0x0000000000006356       0x14 zephyr/drivers/clock_control/libdrivers__clock_control.a(clock_control_nrf.c.obj)
 .text.gpio_nrfx_port_get_raw
                0x000000000000636a        0xc zephyr/drivers/gpio/libdrivers__gpio.a(gpio_nrfx.c.obj)
 .text.gpio_nrfx_port_set_masked_raw
                0x0000000000006376       0x14 zephyr/drivers/gpio/libdrivers__gpio.a(gpio_nrfx.c.obj)
 .text.gpio_nrfx_port_set_bits_raw
                0x000000000000638a        0xa zephyr/drivers/gpio/libdrivers__gpio.a(gpio_nrfx.c.obj)
 .text.gpio_nrfx_port_clear_bits_raw
                0x0000000000006394        0xa zephyr/drivers/gpio/libdrivers__gpio.a(gpio_nrfx.c.obj)
 .text.gpio_nrfx_port_toggle_bits
                0x000000000000639e       0x14 zephyr/drivers/gpio/libdrivers__gpio.a(gpio_nrfx.c.obj)
 .text.gpio_nrfx_manage_callback
                0x00000000000063b2       0x52 zephyr/drivers/gpio/libdrivers__gpio.a(gpio_nrfx.c.obj)
 .text.i2c_nrfx_twim_deinit
                0x0000000000006404        0x4 zephyr/drivers/i2c/libdrivers__i2c.a(i2c_nrfx_twim.c.obj)
 .text.irq_connect20
                0x0000000000006408        0xa zephyr/drivers/i2c/libdrivers__i2c.a(i2c_nrfx_twim.c.obj)
 .text.i2c_nrfx_twim_init
                0x0000000000006412       0x26 zephyr/drivers/i2c/libdrivers__i2c.a(i2c_nrfx_twim.c.obj)
 .text.i2c_nrfx_twim_exclusive_access_acquire
                0x0000000000006438        0x6 zephyr/drivers/i2c/libdrivers__i2c.a(i2c_nrfx_twim.c.obj)
                0x0000000000006438                i2c_nrfx_twim_exclusive_access_acquire
 .text.i2c_nrfx_twim_exclusive_access_release
                0x000000000000643e        0x6 zephyr/drivers/i2c/libdrivers__i2c.a(i2c_nrfx_twim.c.obj)
                0x000000000000643e                i2c_nrfx_twim_exclusive_access_release
 .text.pinctrl_apply_state.isra.0
                0x0000000000006444       0x1e zephyr/drivers/i2c/libdrivers__i2c.a(i2c_nrfx_twim_common.c.obj)
 .text.i2c_nrfx_twim_configure
                0x0000000000006462       0x3a zephyr/drivers/i2c/libdrivers__i2c.a(i2c_nrfx_twim_common.c.obj)
                0x0000000000006462                i2c_nrfx_twim_configure
 .text.twim_nrfx_pm_resume
                0x000000000000649c       0x16 zephyr/drivers/i2c/libdrivers__i2c.a(i2c_nrfx_twim_common.c.obj)
                0x000000000000649c                twim_nrfx_pm_resume
 .text.twim_nrfx_pm_suspend
                0x00000000000064b2       0x16 zephyr/drivers/i2c/libdrivers__i2c.a(i2c_nrfx_twim_common.c.obj)
                0x00000000000064b2                twim_nrfx_pm_suspend
 .text.i2c_nrfx_twim_common_deinit
                0x00000000000064c8       0x12 zephyr/drivers/i2c/libdrivers__i2c.a(i2c_nrfx_twim_common.c.obj)
                0x00000000000064c8                i2c_nrfx_twim_common_deinit
 .text.pinctrl_lookup_state
                0x00000000000064da       0x26 zephyr/drivers/pinctrl/libdrivers__pinctrl.a(common.c.obj)
                0x00000000000064da                pinctrl_lookup_state
 .text.counter  0x0000000000006500       0x12 zephyr/drivers/timer/libdrivers__timer.a(nrf_grtc_timer.c.obj)
 .text._psa_crypto_init
                0x0000000000006512       0x1e modules/nrf/subsys/nrf_security/src/zephyr/libmbedtls_zephyr.a(psa_crypto_init.c.obj)
 .text.nrfx_isr
                0x0000000000006530        0x2 modules/hal_nordic/modules/hal_nordic/nrfx/libmodules__hal_nordic__nrfx.a(nrfx_glue.c.obj)
                0x0000000000006530                nrfx_isr
 .text.nrfx_busy_wait
                0x0000000000006532        0x4 modules/hal_nordic/modules/hal_nordic/nrfx/libmodules__hal_nordic__nrfx.a(nrfx_glue.c.obj)
                0x0000000000006532                nrfx_busy_wait
 .text.nrfx_clock_stop
                0x0000000000006536        0x4 modules/hal_nordic/modules/hal_nordic/nrfx/libmodules__hal_nordic__nrfx.a(nrfx_clock.c.obj)
                0x0000000000006536                nrfx_clock_stop
 .text.nrf_gpio_reconfigure
                0x000000000000653a       0x92 modules/hal_nordic/modules/hal_nordic/nrfx/libmodules__hal_nordic__nrfx.a(nrfx_gpiote.c.obj)
 .text.nrf_gpio_cfg_sense_set
                0x00000000000065cc       0x1e modules/hal_nordic/modules/hal_nordic/nrfx/libmodules__hal_nordic__nrfx.a(nrfx_gpiote.c.obj)
 .text.call_handler
                0x00000000000065ea       0x3e modules/hal_nordic/modules/hal_nordic/nrfx/libmodules__hal_nordic__nrfx.a(nrfx_gpiote.c.obj)
 .text.__nrfy_internal_gpiote_events_process
                0x0000000000006628       0x4e modules/hal_nordic/modules/hal_nordic/nrfx/libmodules__hal_nordic__nrfx.a(nrfx_gpiote.c.obj)
 .text.pin_trigger_disable
                0x0000000000006676       0x4a modules/hal_nordic/modules/hal_nordic/nrfx/libmodules__hal_nordic__nrfx.a(nrfx_gpiote.c.obj)
 .text.nrfx_gpiote_pin_uninit
                0x00000000000066c0        0x4 modules/hal_nordic/modules/hal_nordic/nrfx/libmodules__hal_nordic__nrfx.a(nrfx_gpiote.c.obj)
                0x00000000000066c0                nrfx_gpiote_pin_uninit
 .text.nrfx_gpiote_trigger_disable
                0x00000000000066c4        0x4 modules/hal_nordic/modules/hal_nordic/nrfx/libmodules__hal_nordic__nrfx.a(nrfx_gpiote.c.obj)
                0x00000000000066c4                nrfx_gpiote_trigger_disable
 .text.nrfx_rramc_write_enable_set
                0x00000000000066c8        0x6 modules/hal_nordic/modules/hal_nordic/nrfx/libmodules__hal_nordic__nrfx.a(nrfx_rramc.c.obj)
                0x00000000000066c8                nrfx_rramc_write_enable_set
 .text.xfer_completeness_check
                0x00000000000066ce       0x62 modules/hal_nordic/modules/hal_nordic/nrfx/libmodules__hal_nordic__nrfx.a(nrfx_twim.c.obj)
 .text.__nrfy_internal_twim_event_handle.isra.0
                0x0000000000006730       0x22 modules/hal_nordic/modules/hal_nordic/nrfx/libmodules__hal_nordic__nrfx.a(nrfx_twim.c.obj)
 .text.__nrfy_internal_twim_events_process.constprop.0
                0x0000000000006752       0x54 modules/hal_nordic/modules/hal_nordic/nrfx/libmodules__hal_nordic__nrfx.a(nrfx_twim.c.obj)
 .text.nrf_gpio_pin_set
                0x00000000000067a6       0x18 modules/hal_nordic/modules/hal_nordic/nrfx/libmodules__hal_nordic__nrfx.a(nrfx_twi_twim.c.obj)
 .text.z_impl_k_busy_wait
                0x00000000000067be        0x8 zephyr/kernel/libkernel.a(busy_wait.c.obj)
                0x00000000000067be                z_impl_k_busy_wait
 .text.z_device_state_init
                0x00000000000067c6        0x2 zephyr/kernel/libkernel.a(device.c.obj)
                0x00000000000067c6                z_device_state_init
 .text.z_impl_device_is_ready
                0x00000000000067c8       0x16 zephyr/kernel/libkernel.a(device.c.obj)
                0x00000000000067c8                z_impl_device_is_ready
 .text.arch_system_halt
                0x00000000000067de       0x10 zephyr/kernel/libkernel.a(fatal.c.obj)
                0x00000000000067de                arch_system_halt
 .text.k_sys_fatal_error_handler
                0x00000000000067ee        0x6 zephyr/kernel/libkernel.a(fatal.c.obj)
                0x00000000000067ee                k_sys_fatal_error_handler
 .text.do_device_init
                0x00000000000067f4       0x2e zephyr/kernel/libkernel.a(init.c.obj)
 .text.z_early_memset
                0x0000000000006822        0x4 zephyr/kernel/libkernel.a(init.c.obj)
                0x0000000000006822                z_early_memset
 .text.z_early_memcpy
                0x0000000000006826        0x4 zephyr/kernel/libkernel.a(init.c.obj)
                0x0000000000006826                z_early_memcpy
 .text.idle     0x000000000000682a       0x16 zephyr/kernel/libkernel.a(idle.c.obj)
                0x000000000000682a                idle
 .text.adjust_owner_prio.isra.0
                0x0000000000006840       0x10 zephyr/kernel/libkernel.a(mutex.c.obj)
 .text.z_impl_k_sem_init
                0x0000000000006850       0x18 zephyr/kernel/libkernel.a(sem.c.obj)
                0x0000000000006850                z_impl_k_sem_init
 .text.k_is_in_isr
                0x0000000000006868        0xc zephyr/kernel/libkernel.a(thread.c.obj)
                0x0000000000006868                k_is_in_isr
 .text.sys_dlist_remove
                0x0000000000006874       0x10 zephyr/kernel/libkernel.a(sched.c.obj)
 .text.unpend_thread_no_timeout
                0x0000000000006884       0x14 zephyr/kernel/libkernel.a(sched.c.obj)
 .text.add_to_waitq_locked
                0x0000000000006898       0x50 zephyr/kernel/libkernel.a(sched.c.obj)
 .text.z_ready_thread
                0x00000000000068e8       0x1e zephyr/kernel/libkernel.a(sched.c.obj)
                0x00000000000068e8                z_ready_thread
 .text.z_sched_wake_thread
                0x0000000000006906       0x46 zephyr/kernel/libkernel.a(sched.c.obj)
                0x0000000000006906                z_sched_wake_thread
 .text.z_thread_timeout
                0x000000000000694c        0x8 zephyr/kernel/libkernel.a(sched.c.obj)
                0x000000000000694c                z_thread_timeout
 .text.z_sched_waitq_walk
                0x0000000000006954       0x44 zephyr/kernel/libkernel.a(sched.c.obj)
                0x0000000000006954                z_sched_waitq_walk
 .text.next_timeout
                0x0000000000006998       0x2e zephyr/kernel/libkernel.a(timeout.c.obj)
 .text.z_abort_timeout
                0x00000000000069c6       0x50 zephyr/kernel/libkernel.a(timeout.c.obj)
                0x00000000000069c6                z_abort_timeout
 .text.sys_clock_tick_get_32
                0x0000000000006a16        0x8 zephyr/kernel/libkernel.a(timeout.c.obj)
                0x0000000000006a16                sys_clock_tick_get_32
 .text.psa_remove_key_data_from_memory
                0x0000000000006a1e       0x16 modules/nrf/subsys/nrf_security/src/core/nrf_oberon/libpsa_core.a(psa_crypto.c.obj)
                0x0000000000006a1e                psa_remove_key_data_from_memory
 .text.psa_wipe_key_slot
                0x0000000000006a34       0x3a modules/nrf/subsys/nrf_security/src/core/nrf_oberon/libpsa_core.a(psa_crypto.c.obj)
                0x0000000000006a34                psa_wipe_key_slot
 .text.psa_driver_wrapper_init
                0x0000000000006a6e        0x4 modules/nrf/subsys/nrf_security/src/core/nrf_oberon/libpsa_core.a(psa_crypto_driver_wrappers.c.obj)
                0x0000000000006a6e                psa_driver_wrapper_init
 .text.psa_driver_wrapper_free
                0x0000000000006a72        0x2 modules/nrf/subsys/nrf_security/src/core/nrf_oberon/libpsa_core.a(psa_crypto_driver_wrappers.c.obj)
                0x0000000000006a72                psa_driver_wrapper_free
 .text.psa_driver_wrapper_init_random
                0x0000000000006a74        0x4 modules/nrf/subsys/nrf_security/src/core/nrf_oberon/libpsa_core.a(psa_crypto_driver_wrappers.c.obj)
                0x0000000000006a74                psa_driver_wrapper_init_random
 .text.psa_driver_wrapper_free_random
                0x0000000000006a78        0x4 modules/nrf/subsys/nrf_security/src/core/nrf_oberon/libpsa_core.a(psa_crypto_driver_wrappers.c.obj)
                0x0000000000006a78                psa_driver_wrapper_free_random
 .text.platform_free_uninit
                0x0000000000006a7c        0x2 modules/nrf/subsys/nrf_security/src/core/nrf_oberon/libpsa_core.a(platform.c.obj)
 .text.mbedtls_zeroize_and_free
                0x0000000000006a7e       0x14 modules/nrf/subsys/nrf_security/src/core/nrf_oberon/libpsa_core.a(platform_util.c.obj)
                0x0000000000006a7e                mbedtls_zeroize_and_free
 .text.silex_statuscodes_to_psa
                0x0000000000006a92       0xbc modules/nrf/subsys/nrf_security/src/drivers/cracen/libcracen_psa_driver.a(common.c.obj)
                0x0000000000006a92                silex_statuscodes_to_psa
 .text.cracen_xorbytes
                0x0000000000006b4e       0x1a modules/nrf/subsys/nrf_security/src/drivers/cracen/libcracen_psa_driver.a(common.c.obj)
                0x0000000000006b4e                cracen_xorbytes
 .text.cracen_be_add
                0x0000000000006b68       0x14 modules/nrf/subsys/nrf_security/src/drivers/cracen/libcracen_psa_driver.a(common.c.obj)
                0x0000000000006b68                cracen_be_add
 .text.safe_memset
                0x0000000000006b7c       0x16 modules/nrf/subsys/nrf_security/src/drivers/cracen/libcracen_psa_driver.a(mem_helpers.c.obj)
                0x0000000000006b7c                safe_memset
 .text.safe_memzero
                0x0000000000006b92       0x18 modules/nrf/subsys/nrf_security/src/drivers/cracen/libcracen_psa_driver.a(mem_helpers.c.obj)
                0x0000000000006b92                safe_memzero
 .text.lib_kmu_is_slot_empty
                0x0000000000006baa       0x14 modules/nrf/subsys/nrf_security/src/drivers/cracen/libcracen_psa_driver.a(lib_kmu.c.obj)
                0x0000000000006baa                lib_kmu_is_slot_empty
 .text.psa_set_key_usage_flags
                0x0000000000006bbe       0x14 modules/nrf/subsys/nrf_security/src/drivers/cracen/libcracen_psa_driver.a(kmu.c.obj)
 .text.set_provisioning_in_progress
                0x0000000000006bd2       0x30 modules/nrf/subsys/nrf_security/src/drivers/cracen/libcracen_psa_driver.a(kmu.c.obj)
 .text.clean_up_unfinished_provisioning
                0x0000000000006c02       0x46 modules/nrf/subsys/nrf_security/src/drivers/cracen/libcracen_psa_driver.a(kmu.c.obj)
 .text.sx_clear_interrupt
                0x0000000000006c48       0x1a modules/nrf/subsys/nrf_security/src/drivers/cracen/libcracen_psa_driver.a(pk_baremetal.c.obj)
                0x0000000000006c48                sx_clear_interrupt
 .text.convert_ba414_capabilities
                0x0000000000006c62       0x4c modules/nrf/subsys/nrf_security/src/drivers/cracen/libcracen_psa_driver.a(ba414_status.c.obj)
                0x0000000000006c62                convert_ba414_capabilities
 .text.sx_pk_is_ik_cmd
                0x0000000000006cae        0xa modules/nrf/subsys/nrf_security/src/drivers/cracen/libcracen_psa_driver.a(ikhardware.c.obj)
                0x0000000000006cae                sx_pk_is_ik_cmd
 .text.psa_extend_key_usage_flags
                0x0000000000006cb8       0x1a modules/nrf/subsys/nrf_security/src/drivers/cracen/libcracen_psa_driver.a(ctr_drbg.c.obj)
 .text.trng_get_seed.constprop.0
                0x0000000000006cd2       0x3a modules/nrf/subsys/nrf_security/src/drivers/cracen/libcracen_psa_driver.a(ctr_drbg.c.obj)
 .text.sx_cmdma_reset
                0x0000000000006d0c       0x42 modules/nrf/subsys/nrf_security/src/drivers/cracen/libcracen_psa_driver.a(cmdma.c.obj)
                0x0000000000006d0c                sx_cmdma_reset
 .text.sx_cmdma_check
                0x0000000000006d4e       0x4e modules/nrf/subsys/nrf_security/src/drivers/cracen/libcracen_psa_driver.a(cmdma.c.obj)
                0x0000000000006d4e                sx_cmdma_check
 .text.sx_trng_close
                0x0000000000006d9c       0x14 modules/nrf/subsys/nrf_security/src/drivers/cracen/libcracen_psa_driver.a(trng.c.obj)
                0x0000000000006d9c                sx_trng_close
 .text.mbedtls_mutex_unlock_fn
                0x0000000000006db0        0x4 modules/nrf/subsys/nrf_security/src/libmbedcrypto_base.a(threading_alt.c.obj)
                0x0000000000006db0                mbedtls_mutex_unlock_fn
 .text.mbedtls_mutex_lock_fn
                0x0000000000006db4        0xc modules/nrf/subsys/nrf_security/src/libmbedcrypto_base.a(threading_alt.c.obj)
                0x0000000000006db4                mbedtls_mutex_lock_fn
 .text.nrf_security_mutex_lock
                0x0000000000006dc0        0xc modules/nrf/subsys/nrf_security/src/libnrf_security_utils.a(nrf_security_mutexes.c.obj)
                0x0000000000006dc0                nrf_security_mutex_lock
 .text.nrf_security_mutex_unlock
                0x0000000000006dcc        0x4 modules/nrf/subsys/nrf_security/src/libnrf_security_utils.a(nrf_security_mutexes.c.obj)
                0x0000000000006dcc                nrf_security_mutex_unlock
 .text.nrf_security_event_init
                0x0000000000006dd0        0x4 modules/nrf/subsys/nrf_security/src/libnrf_security_utils.a(nrf_security_events.c.obj)
                0x0000000000006dd0                nrf_security_event_init
 .text.nrf_security_event_wait
                0x0000000000006dd4       0x1a modules/nrf/subsys/nrf_security/src/libnrf_security_utils.a(nrf_security_events.c.obj)
                0x0000000000006dd4                nrf_security_event_wait
 .text.nrf_security_event_clear
                0x0000000000006dee        0x4 modules/nrf/subsys/nrf_security/src/libnrf_security_utils.a(nrf_security_events.c.obj)
                0x0000000000006dee                nrf_security_event_clear
 .text.nrf_security_event_set
                0x0000000000006df2        0x4 modules/nrf/subsys/nrf_security/src/libnrf_security_utils.a(nrf_security_events.c.obj)
                0x0000000000006df2                nrf_security_event_set
 .text.k_event_wait_internal
                0x0000000000006df6       0x82 zephyr/kernel/libkernel.a(events.c.obj)
 .text.event_walk_op
                0x0000000000006e78       0x30 zephyr/kernel/libkernel.a(events.c.obj)
 .text.z_impl_k_event_init
                0x0000000000006ea8        0xa zephyr/kernel/libkernel.a(events.c.obj)
                0x0000000000006ea8                z_impl_k_event_init
 .text.z_impl_k_event_set
                0x0000000000006eb2        0x8 zephyr/kernel/libkernel.a(events.c.obj)
                0x0000000000006eb2                z_impl_k_event_set
 .text.z_impl_k_event_clear
                0x0000000000006eba        0x8 zephyr/kernel/libkernel.a(events.c.obj)
                0x0000000000006eba                z_impl_k_event_clear
 .text.z_impl_k_event_wait
                0x0000000000006ec2        0x6 zephyr/kernel/libkernel.a(events.c.obj)
                0x0000000000006ec2                z_impl_k_event_wait
 .text.memcpy   0x0000000000006ec8       0x1a c:\ncs\toolchains\c1a76fddb2\opt\zephyr-sdk\arm-zephyr-eabi\bin\../lib/gcc/../../picolibc/arm-zephyr-eabi/lib/thumb/v8-m.main/nofp\libc.a(memcpy.c.o)
                0x0000000000006ec8                __aeabi_memcpy
                0x0000000000006ec8                __aeabi_memcpy4
                0x0000000000006ec8                __aeabi_memcpy8
                0x0000000000006ec8                memcpy
 .text.memset   0x0000000000006ee2       0x10 c:\ncs\toolchains\c1a76fddb2\opt\zephyr-sdk\arm-zephyr-eabi\bin\../lib/gcc/../../picolibc/arm-zephyr-eabi/lib/thumb/v8-m.main/nofp\libc.a(memset.c.o)
                0x0000000000006ee2                memset
 .text.strncpy  0x0000000000006ef2       0x20 c:\ncs\toolchains\c1a76fddb2\opt\zephyr-sdk\arm-zephyr-eabi\bin\../lib/gcc/../../picolibc/arm-zephyr-eabi/lib/thumb/v8-m.main/nofp\libc.a(libc_string_strncpy.c.o)
                0x0000000000006ef2                strncpy
 .text.strnlen  0x0000000000006f12       0x18 c:\ncs\toolchains\c1a76fddb2\opt\zephyr-sdk\arm-zephyr-eabi\bin\../lib/gcc/../../picolibc/arm-zephyr-eabi/lib/thumb/v8-m.main/nofp\libc.a(libc_string_strnlen.c.o)
                0x0000000000006f12                strnlen
 .text.__ultoa_invert
                0x0000000000006f2a       0xac c:\ncs\toolchains\c1a76fddb2\opt\zephyr-sdk\arm-zephyr-eabi\bin\../lib/gcc/../../picolibc/arm-zephyr-eabi/lib/thumb/v8-m.main/nofp\libc.a(libc_tinystdio_vflprintf.c.o)
 *(SORT_BY_ALIGNMENT(.TEXT.*))
 *fill*         0x0000000000006fd6        0x2 
 .TEXT.__aeabi_read_tp
                0x0000000000006fd8        0xc zephyr/arch/arch/arm/core/cortex_m/libarch__arm__core__cortex_m.a(__aeabi_read_tp.S.obj)
                0x0000000000006fd8                __aeabi_read_tp
 *(SORT_BY_ALIGNMENT(.gnu.linkonce.t.*))
 *(SORT_BY_ALIGNMENT(.glue_7t))
 .glue_7t       0x0000000000006fe4        0x0 linker stubs
 *(SORT_BY_ALIGNMENT(.glue_7))
 .glue_7        0x0000000000006fe4        0x0 linker stubs
 *(SORT_BY_ALIGNMENT(.vfp11_veneer))
 .vfp11_veneer  0x0000000000006fe4        0x0 linker stubs
 *(SORT_BY_ALIGNMENT(.v4_bx))
 .v4_bx         0x0000000000006fe4        0x0 linker stubs
                0x0000000000006fe4                . = ALIGN (0x4)
                0x0000000000006fe4                __text_region_end = .

.ARM.exidx      0x0000000000006fe4        0x8
                0x0000000000006fe4                __exidx_start = .
 *(SORT_BY_ALIGNMENT(.ARM.exidx*) SORT_BY_ALIGNMENT(gnu.linkonce.armexidx.*))
 .ARM.exidx     0x0000000000006fe4        0x8 c:/ncs/toolchains/c1a76fddb2/opt/zephyr-sdk/arm-zephyr-eabi/bin/../lib/gcc/arm-zephyr-eabi/12.2.0/thumb/v8-m.main/nofp\libgcc.a(_udivmoddi4.o)
                0x0000000000006fec                __exidx_end = .
                0x0000000000006fec                __rodata_region_start = .

initlevel       0x0000000000006fec       0x48
                0x0000000000006fec                __init_start = .
                0x0000000000006fec                __init_EARLY_start = .
 *(SORT_BY_NAME(SORT_BY_ALIGNMENT(.z_init_EARLY_P_?_*)))
 *(SORT_BY_NAME(SORT_BY_ALIGNMENT(.z_init_EARLY_P_??_*)))
 *(SORT_BY_NAME(SORT_BY_ALIGNMENT(.z_init_EARLY_P_???_*)))
                0x0000000000006fec                __init_PRE_KERNEL_1_start = .
 *(SORT_BY_NAME(SORT_BY_ALIGNMENT(.z_init_PRE_KERNEL_1_P_?_*)))
 .z_init_PRE_KERNEL_1_P_0_SUB_0_
                0x0000000000006fec        0x8 zephyr/soc/soc/nrf54l10/libsoc__nordic.a(soc.c.obj)
 *(SORT_BY_NAME(SORT_BY_ALIGNMENT(.z_init_PRE_KERNEL_1_P_??_*)))
 .z_init_PRE_KERNEL_1_P_30_SUB_00064_
                0x0000000000006ff4        0x8 zephyr/drivers/clock_control/libdrivers__clock_control.a(clock_control_nrf.c.obj)
 .z_init_PRE_KERNEL_1_P_40_SUB_00011_
                0x0000000000006ffc        0x8 zephyr/drivers/gpio/libdrivers__gpio.a(gpio_nrfx.c.obj)
 .z_init_PRE_KERNEL_1_P_40_SUB_00013_
                0x0000000000007004        0x8 zephyr/drivers/gpio/libdrivers__gpio.a(gpio_nrfx.c.obj)
 .z_init_PRE_KERNEL_1_P_40_SUB_00024_
                0x000000000000700c        0x8 zephyr/drivers/gpio/libdrivers__gpio.a(gpio_nrfx.c.obj)
 *(SORT_BY_NAME(SORT_BY_ALIGNMENT(.z_init_PRE_KERNEL_1_P_???_*)))
                0x0000000000007014                __init_PRE_KERNEL_2_start = .
 *(SORT_BY_NAME(SORT_BY_ALIGNMENT(.z_init_PRE_KERNEL_2_P_?_*)))
 .z_init_PRE_KERNEL_2_P_0_SUB_0_
                0x0000000000007014        0x8 zephyr/drivers/timer/libdrivers__timer.a(nrf_grtc_timer.c.obj)
 *(SORT_BY_NAME(SORT_BY_ALIGNMENT(.z_init_PRE_KERNEL_2_P_??_*)))
 *(SORT_BY_NAME(SORT_BY_ALIGNMENT(.z_init_PRE_KERNEL_2_P_???_*)))
                0x000000000000701c                __init_POST_KERNEL_start = .
 *(SORT_BY_NAME(SORT_BY_ALIGNMENT(.z_init_POST_KERNEL_P_?_*)))
 *(SORT_BY_NAME(SORT_BY_ALIGNMENT(.z_init_POST_KERNEL_P_??_*)))
 .z_init_POST_KERNEL_P_35_SUB_0_
                0x000000000000701c        0x8 zephyr/lib/libc/common/liblib__libc__common.a(malloc.c.obj)
 .z_init_POST_KERNEL_P_50_SUB_00114_
                0x0000000000007024        0x8 zephyr/drivers/i2c/libdrivers__i2c.a(i2c_nrfx_twim.c.obj)
 .z_init_POST_KERNEL_P_50_SUB_0_
                0x000000000000702c        0x8 modules/nrf/subsys/nrf_security/src/zephyr/libmbedtls_zephyr.a(psa_crypto_init.c.obj)
 *(SORT_BY_NAME(SORT_BY_ALIGNMENT(.z_init_POST_KERNEL_P_???_*)))
                0x0000000000007034                __init_APPLICATION_start = .
 *(SORT_BY_NAME(SORT_BY_ALIGNMENT(.z_init_APPLICATION_P_?_*)))
 *(SORT_BY_NAME(SORT_BY_ALIGNMENT(.z_init_APPLICATION_P_??_*)))
 *(SORT_BY_NAME(SORT_BY_ALIGNMENT(.z_init_APPLICATION_P_???_*)))
                0x0000000000007034                __init_SMP_start = .
 *(SORT_BY_NAME(SORT_BY_ALIGNMENT(.z_init_SMP_P_?_*)))
 *(SORT_BY_NAME(SORT_BY_ALIGNMENT(.z_init_SMP_P_??_*)))
 *(SORT_BY_NAME(SORT_BY_ALIGNMENT(.z_init_SMP_P_???_*)))
                0x0000000000007034                __init_end = .

device_area     0x0000000000007034       0xa0
                0x0000000000007034                _device_list_start = .
 *(SORT_BY_NAME(SORT_BY_ALIGNMENT(._device.static.*_?_*)))
 *(SORT_BY_NAME(SORT_BY_ALIGNMENT(._device.static.*_??_*)))
 ._device.static.1_30_
                0x0000000000007034       0x20 zephyr/drivers/clock_control/libdrivers__clock_control.a(clock_control_nrf.c.obj)
                0x0000000000007034                __device_dts_ord_64
 ._device.static.1_40_
                0x0000000000007054       0x60 zephyr/drivers/gpio/libdrivers__gpio.a(gpio_nrfx.c.obj)
                0x0000000000007054                __device_dts_ord_13
                0x0000000000007074                __device_dts_ord_11
                0x0000000000007094                __device_dts_ord_24
 ._device.static.3_50_
                0x00000000000070b4       0x20 zephyr/drivers/i2c/libdrivers__i2c.a(i2c_nrfx_twim.c.obj)
                0x00000000000070b4                __device_dts_ord_114
 *(SORT_BY_NAME(SORT_BY_ALIGNMENT(._device.static.*_???_*)))
 *(SORT_BY_NAME(SORT_BY_ALIGNMENT(._device.static.*_????_*)))
 *(SORT_BY_NAME(SORT_BY_ALIGNMENT(._device.static.*_?????_*)))
                0x00000000000070d4                _device_list_end = .

sw_isr_table    0x00000000000070d4      0x878
                0x00000000000070d4                . = ALIGN (0x4)
 *(SORT_BY_ALIGNMENT(.gnu.linkonce.sw_isr_table*))
 .gnu.linkonce.sw_isr_table
                0x00000000000070d4      0x878 zephyr/arch/common/libisr_tables.a(isr_tables.c.obj)
                0x00000000000070d4                _sw_isr_table

initlevel_error
                0x0000000000006fec        0x0
 *(SORT_BY_NAME(SORT_BY_ALIGNMENT(.z_init_*)))
                0x0000000000000001                ASSERT ((SIZEOF (initlevel_error) == 0x0), Undefined initialization levels used.)

app_shmem_regions
                0x000000000000794c        0x0
                0x000000000000794c                __app_shmem_regions_start = .
 *(SORT_BY_NAME(SORT_BY_ALIGNMENT(.app_regions.*)))
                0x000000000000794c                __app_shmem_regions_end = .

k_p4wq_initparam_area
                0x000000000000794c        0x0
                0x000000000000794c                _k_p4wq_initparam_list_start = .
 *(SORT_BY_NAME(SORT_BY_ALIGNMENT(._k_p4wq_initparam.static.*)))
                0x000000000000794c                _k_p4wq_initparam_list_end = .

_static_thread_data_area
                0x000000000000794c        0x0
                0x000000000000794c                __static_thread_data_list_start = .
 *(SORT_BY_NAME(SORT_BY_ALIGNMENT(.__static_thread_data.static.*)))
                0x000000000000794c                __static_thread_data_list_end = .

device_deps     0x000000000000794c        0x0
                0x000000000000794c                __device_deps_start = .
 *(SORT_BY_NAME(SORT_BY_ALIGNMENT(.__device_deps_pass2*)))
                0x000000000000794c                __device_deps_end = .

gpio_driver_api_area
                0x000000000000794c       0x24
                0x000000000000794c                _gpio_driver_api_list_start = .
 *(SORT_BY_NAME(SORT_BY_ALIGNMENT(._gpio_driver_api.static.*)))
 ._gpio_driver_api.static.gpio_nrfx_drv_api_funcs_
                0x000000000000794c       0x24 zephyr/drivers/gpio/libdrivers__gpio.a(gpio_nrfx.c.obj)
                0x0000000000007970                _gpio_driver_api_list_end = .

i2c_driver_api_area
                0x0000000000007970       0x18
                0x0000000000007970                _i2c_driver_api_list_start = .
 *(SORT_BY_NAME(SORT_BY_ALIGNMENT(._i2c_driver_api.static.*)))
 ._i2c_driver_api.static.i2c_nrfx_twim_driver_api_
                0x0000000000007970       0x18 zephyr/drivers/i2c/libdrivers__i2c.a(i2c_nrfx_twim.c.obj)
                0x0000000000007988                _i2c_driver_api_list_end = .

i2c_target_driver_api_area
                0x0000000000007988        0x0
                0x0000000000007988                _i2c_target_driver_api_list_start = .
 *(SORT_BY_NAME(SORT_BY_ALIGNMENT(._i2c_target_driver_api.static.*)))
                0x0000000000007988                _i2c_target_driver_api_list_end = .

shared_irq_driver_api_area
                0x0000000000007988        0x0
                0x0000000000007988                _shared_irq_driver_api_list_start = .
 *(SORT_BY_NAME(SORT_BY_ALIGNMENT(._shared_irq_driver_api.static.*)))
                0x0000000000007988                _shared_irq_driver_api_list_end = .

crypto_driver_api_area
                0x0000000000007988        0x0
                0x0000000000007988                _crypto_driver_api_list_start = .
 *(SORT_BY_NAME(SORT_BY_ALIGNMENT(._crypto_driver_api.static.*)))
                0x0000000000007988                _crypto_driver_api_list_end = .

adc_driver_api_area
                0x0000000000007988        0x0
                0x0000000000007988                _adc_driver_api_list_start = .
 *(SORT_BY_NAME(SORT_BY_ALIGNMENT(._adc_driver_api.static.*)))
                0x0000000000007988                _adc_driver_api_list_end = .

auxdisplay_driver_api_area
                0x0000000000007988        0x0
                0x0000000000007988                _auxdisplay_driver_api_list_start = .
 *(SORT_BY_NAME(SORT_BY_ALIGNMENT(._auxdisplay_driver_api.static.*)))
                0x0000000000007988                _auxdisplay_driver_api_list_end = .

bbram_driver_api_area
                0x0000000000007988        0x0
                0x0000000000007988                _bbram_driver_api_list_start = .
 *(SORT_BY_NAME(SORT_BY_ALIGNMENT(._bbram_driver_api.static.*)))
                0x0000000000007988                _bbram_driver_api_list_end = .

bt_hci_driver_api_area
                0x0000000000007988        0x0
                0x0000000000007988                _bt_hci_driver_api_list_start = .
 *(SORT_BY_NAME(SORT_BY_ALIGNMENT(._bt_hci_driver_api.static.*)))
                0x0000000000007988                _bt_hci_driver_api_list_end = .

can_driver_api_area
                0x0000000000007988        0x0
                0x0000000000007988                _can_driver_api_list_start = .
 *(SORT_BY_NAME(SORT_BY_ALIGNMENT(._can_driver_api.static.*)))
                0x0000000000007988                _can_driver_api_list_end = .

cellular_driver_api_area
                0x0000000000007988        0x0
                0x0000000000007988                _cellular_driver_api_list_start = .
 *(SORT_BY_NAME(SORT_BY_ALIGNMENT(._cellular_driver_api.static.*)))
                0x0000000000007988                _cellular_driver_api_list_end = .

charger_driver_api_area
                0x0000000000007988        0x0
                0x0000000000007988                _charger_driver_api_list_start = .
 *(SORT_BY_NAME(SORT_BY_ALIGNMENT(._charger_driver_api.static.*)))
                0x0000000000007988                _charger_driver_api_list_end = .

clock_control_driver_api_area
                0x0000000000007988       0x1c
                0x0000000000007988                _clock_control_driver_api_list_start = .
 *(SORT_BY_NAME(SORT_BY_ALIGNMENT(._clock_control_driver_api.static.*)))
 ._clock_control_driver_api.static.clock_control_api_
                0x0000000000007988       0x1c zephyr/drivers/clock_control/libdrivers__clock_control.a(clock_control_nrf.c.obj)
                0x00000000000079a4                _clock_control_driver_api_list_end = .

comparator_driver_api_area
                0x00000000000079a4        0x0
                0x00000000000079a4                _comparator_driver_api_list_start = .
 *(SORT_BY_NAME(SORT_BY_ALIGNMENT(._comparator_driver_api.static.*)))
                0x00000000000079a4                _comparator_driver_api_list_end = .

coredump_driver_api_area
                0x00000000000079a4        0x0
                0x00000000000079a4                _coredump_driver_api_list_start = .
 *(SORT_BY_NAME(SORT_BY_ALIGNMENT(._coredump_driver_api.static.*)))
                0x00000000000079a4                _coredump_driver_api_list_end = .

counter_driver_api_area
                0x00000000000079a4        0x0
                0x00000000000079a4                _counter_driver_api_list_start = .
 *(SORT_BY_NAME(SORT_BY_ALIGNMENT(._counter_driver_api.static.*)))
                0x00000000000079a4                _counter_driver_api_list_end = .

dac_driver_api_area
                0x00000000000079a4        0x0
                0x00000000000079a4                _dac_driver_api_list_start = .
 *(SORT_BY_NAME(SORT_BY_ALIGNMENT(._dac_driver_api.static.*)))
                0x00000000000079a4                _dac_driver_api_list_end = .

dai_driver_api_area
                0x00000000000079a4        0x0
                0x00000000000079a4                _dai_driver_api_list_start = .
 *(SORT_BY_NAME(SORT_BY_ALIGNMENT(._dai_driver_api.static.*)))
                0x00000000000079a4                _dai_driver_api_list_end = .

display_driver_api_area
                0x00000000000079a4        0x0
                0x00000000000079a4                _display_driver_api_list_start = .
 *(SORT_BY_NAME(SORT_BY_ALIGNMENT(._display_driver_api.static.*)))
                0x00000000000079a4                _display_driver_api_list_end = .

dma_driver_api_area
                0x00000000000079a4        0x0
                0x00000000000079a4                _dma_driver_api_list_start = .
 *(SORT_BY_NAME(SORT_BY_ALIGNMENT(._dma_driver_api.static.*)))
                0x00000000000079a4                _dma_driver_api_list_end = .

edac_driver_api_area
                0x00000000000079a4        0x0
                0x00000000000079a4                _edac_driver_api_list_start = .
 *(SORT_BY_NAME(SORT_BY_ALIGNMENT(._edac_driver_api.static.*)))
                0x00000000000079a4                _edac_driver_api_list_end = .

eeprom_driver_api_area
                0x00000000000079a4        0x0
                0x00000000000079a4                _eeprom_driver_api_list_start = .
 *(SORT_BY_NAME(SORT_BY_ALIGNMENT(._eeprom_driver_api.static.*)))
                0x00000000000079a4                _eeprom_driver_api_list_end = .

emul_bbram_driver_api_area
                0x00000000000079a4        0x0
                0x00000000000079a4                _emul_bbram_driver_api_list_start = .
 *(SORT_BY_NAME(SORT_BY_ALIGNMENT(._emul_bbram_driver_api.static.*)))
                0x00000000000079a4                _emul_bbram_driver_api_list_end = .

fuel_gauge_emul_driver_api_area
                0x00000000000079a4        0x0
                0x00000000000079a4                _fuel_gauge_emul_driver_api_list_start = .
 *(SORT_BY_NAME(SORT_BY_ALIGNMENT(._fuel_gauge_emul_driver_api.static.*)))
                0x00000000000079a4                _fuel_gauge_emul_driver_api_list_end = .

emul_sensor_driver_api_area
                0x00000000000079a4        0x0
                0x00000000000079a4                _emul_sensor_driver_api_list_start = .
 *(SORT_BY_NAME(SORT_BY_ALIGNMENT(._emul_sensor_driver_api.static.*)))
                0x00000000000079a4                _emul_sensor_driver_api_list_end = .

entropy_driver_api_area
                0x00000000000079a4        0x0
                0x00000000000079a4                _entropy_driver_api_list_start = .
 *(SORT_BY_NAME(SORT_BY_ALIGNMENT(._entropy_driver_api.static.*)))
                0x00000000000079a4                _entropy_driver_api_list_end = .

espi_driver_api_area
                0x00000000000079a4        0x0
                0x00000000000079a4                _espi_driver_api_list_start = .
 *(SORT_BY_NAME(SORT_BY_ALIGNMENT(._espi_driver_api.static.*)))
                0x00000000000079a4                _espi_driver_api_list_end = .

espi_saf_driver_api_area
                0x00000000000079a4        0x0
                0x00000000000079a4                _espi_saf_driver_api_list_start = .
 *(SORT_BY_NAME(SORT_BY_ALIGNMENT(._espi_saf_driver_api.static.*)))
                0x00000000000079a4                _espi_saf_driver_api_list_end = .

flash_driver_api_area
                0x00000000000079a4        0x0
                0x00000000000079a4                _flash_driver_api_list_start = .
 *(SORT_BY_NAME(SORT_BY_ALIGNMENT(._flash_driver_api.static.*)))
                0x00000000000079a4                _flash_driver_api_list_end = .

fpga_driver_api_area
                0x00000000000079a4        0x0
                0x00000000000079a4                _fpga_driver_api_list_start = .
 *(SORT_BY_NAME(SORT_BY_ALIGNMENT(._fpga_driver_api.static.*)))
                0x00000000000079a4                _fpga_driver_api_list_end = .

fuel_gauge_driver_api_area
                0x00000000000079a4        0x0
                0x00000000000079a4                _fuel_gauge_driver_api_list_start = .
 *(SORT_BY_NAME(SORT_BY_ALIGNMENT(._fuel_gauge_driver_api.static.*)))
                0x00000000000079a4                _fuel_gauge_driver_api_list_end = .

gnss_driver_api_area
                0x00000000000079a4        0x0
                0x00000000000079a4                _gnss_driver_api_list_start = .
 *(SORT_BY_NAME(SORT_BY_ALIGNMENT(._gnss_driver_api.static.*)))
                0x00000000000079a4                _gnss_driver_api_list_end = .

haptics_driver_api_area
                0x00000000000079a4        0x0
                0x00000000000079a4                _haptics_driver_api_list_start = .
 *(SORT_BY_NAME(SORT_BY_ALIGNMENT(._haptics_driver_api.static.*)))
                0x00000000000079a4                _haptics_driver_api_list_end = .

hwspinlock_driver_api_area
                0x00000000000079a4        0x0
                0x00000000000079a4                _hwspinlock_driver_api_list_start = .
 *(SORT_BY_NAME(SORT_BY_ALIGNMENT(._hwspinlock_driver_api.static.*)))
                0x00000000000079a4                _hwspinlock_driver_api_list_end = .

i2s_driver_api_area
                0x00000000000079a4        0x0
                0x00000000000079a4                _i2s_driver_api_list_start = .
 *(SORT_BY_NAME(SORT_BY_ALIGNMENT(._i2s_driver_api.static.*)))
                0x00000000000079a4                _i2s_driver_api_list_end = .

i3c_driver_api_area
                0x00000000000079a4        0x0
                0x00000000000079a4                _i3c_driver_api_list_start = .
 *(SORT_BY_NAME(SORT_BY_ALIGNMENT(._i3c_driver_api.static.*)))
                0x00000000000079a4                _i3c_driver_api_list_end = .

ipm_driver_api_area
                0x00000000000079a4        0x0
                0x00000000000079a4                _ipm_driver_api_list_start = .
 *(SORT_BY_NAME(SORT_BY_ALIGNMENT(._ipm_driver_api.static.*)))
                0x00000000000079a4                _ipm_driver_api_list_end = .

led_driver_api_area
                0x00000000000079a4        0x0
                0x00000000000079a4                _led_driver_api_list_start = .
 *(SORT_BY_NAME(SORT_BY_ALIGNMENT(._led_driver_api.static.*)))
                0x00000000000079a4                _led_driver_api_list_end = .

led_strip_driver_api_area
                0x00000000000079a4        0x0
                0x00000000000079a4                _led_strip_driver_api_list_start = .
 *(SORT_BY_NAME(SORT_BY_ALIGNMENT(._led_strip_driver_api.static.*)))
                0x00000000000079a4                _led_strip_driver_api_list_end = .

lora_driver_api_area
                0x00000000000079a4        0x0
                0x00000000000079a4                _lora_driver_api_list_start = .
 *(SORT_BY_NAME(SORT_BY_ALIGNMENT(._lora_driver_api.static.*)))
                0x00000000000079a4                _lora_driver_api_list_end = .

mbox_driver_api_area
                0x00000000000079a4        0x0
                0x00000000000079a4                _mbox_driver_api_list_start = .
 *(SORT_BY_NAME(SORT_BY_ALIGNMENT(._mbox_driver_api.static.*)))
                0x00000000000079a4                _mbox_driver_api_list_end = .

mdio_driver_api_area
                0x00000000000079a4        0x0
                0x00000000000079a4                _mdio_driver_api_list_start = .
 *(SORT_BY_NAME(SORT_BY_ALIGNMENT(._mdio_driver_api.static.*)))
                0x00000000000079a4                _mdio_driver_api_list_end = .

mipi_dbi_driver_api_area
                0x00000000000079a4        0x0
                0x00000000000079a4                _mipi_dbi_driver_api_list_start = .
 *(SORT_BY_NAME(SORT_BY_ALIGNMENT(._mipi_dbi_driver_api.static.*)))
                0x00000000000079a4                _mipi_dbi_driver_api_list_end = .

mipi_dsi_driver_api_area
                0x00000000000079a4        0x0
                0x00000000000079a4                _mipi_dsi_driver_api_list_start = .
 *(SORT_BY_NAME(SORT_BY_ALIGNMENT(._mipi_dsi_driver_api.static.*)))
                0x00000000000079a4                _mipi_dsi_driver_api_list_end = .

mspi_driver_api_area
                0x00000000000079a4        0x0
                0x00000000000079a4                _mspi_driver_api_list_start = .
 *(SORT_BY_NAME(SORT_BY_ALIGNMENT(._mspi_driver_api.static.*)))
                0x00000000000079a4                _mspi_driver_api_list_end = .

peci_driver_api_area
                0x00000000000079a4        0x0
                0x00000000000079a4                _peci_driver_api_list_start = .
 *(SORT_BY_NAME(SORT_BY_ALIGNMENT(._peci_driver_api.static.*)))
                0x00000000000079a4                _peci_driver_api_list_end = .

ps2_driver_api_area
                0x00000000000079a4        0x0
                0x00000000000079a4                _ps2_driver_api_list_start = .
 *(SORT_BY_NAME(SORT_BY_ALIGNMENT(._ps2_driver_api.static.*)))
                0x00000000000079a4                _ps2_driver_api_list_end = .

ptp_clock_driver_api_area
                0x00000000000079a4        0x0
                0x00000000000079a4                _ptp_clock_driver_api_list_start = .
 *(SORT_BY_NAME(SORT_BY_ALIGNMENT(._ptp_clock_driver_api.static.*)))
                0x00000000000079a4                _ptp_clock_driver_api_list_end = .

pwm_driver_api_area
                0x00000000000079a4        0x0
                0x00000000000079a4                _pwm_driver_api_list_start = .
 *(SORT_BY_NAME(SORT_BY_ALIGNMENT(._pwm_driver_api.static.*)))
                0x00000000000079a4                _pwm_driver_api_list_end = .

regulator_parent_driver_api_area
                0x00000000000079a4        0x0
                0x00000000000079a4                _regulator_parent_driver_api_list_start = .
 *(SORT_BY_NAME(SORT_BY_ALIGNMENT(._regulator_parent_driver_api.static.*)))
                0x00000000000079a4                _regulator_parent_driver_api_list_end = .

regulator_driver_api_area
                0x00000000000079a4        0x0
                0x00000000000079a4                _regulator_driver_api_list_start = .
 *(SORT_BY_NAME(SORT_BY_ALIGNMENT(._regulator_driver_api.static.*)))
                0x00000000000079a4                _regulator_driver_api_list_end = .

reset_driver_api_area
                0x00000000000079a4        0x0
                0x00000000000079a4                _reset_driver_api_list_start = .
 *(SORT_BY_NAME(SORT_BY_ALIGNMENT(._reset_driver_api.static.*)))
                0x00000000000079a4                _reset_driver_api_list_end = .

retained_mem_driver_api_area
                0x00000000000079a4        0x0
                0x00000000000079a4                _retained_mem_driver_api_list_start = .
 *(SORT_BY_NAME(SORT_BY_ALIGNMENT(._retained_mem_driver_api.static.*)))
                0x00000000000079a4                _retained_mem_driver_api_list_end = .

rtc_driver_api_area
                0x00000000000079a4        0x0
                0x00000000000079a4                _rtc_driver_api_list_start = .
 *(SORT_BY_NAME(SORT_BY_ALIGNMENT(._rtc_driver_api.static.*)))
                0x00000000000079a4                _rtc_driver_api_list_end = .

sdhc_driver_api_area
                0x00000000000079a4        0x0
                0x00000000000079a4                _sdhc_driver_api_list_start = .
 *(SORT_BY_NAME(SORT_BY_ALIGNMENT(._sdhc_driver_api.static.*)))
                0x00000000000079a4                _sdhc_driver_api_list_end = .

sensor_driver_api_area
                0x00000000000079a4        0x0
                0x00000000000079a4                _sensor_driver_api_list_start = .
 *(SORT_BY_NAME(SORT_BY_ALIGNMENT(._sensor_driver_api.static.*)))
                0x00000000000079a4                _sensor_driver_api_list_end = .

smbus_driver_api_area
                0x00000000000079a4        0x0
                0x00000000000079a4                _smbus_driver_api_list_start = .
 *(SORT_BY_NAME(SORT_BY_ALIGNMENT(._smbus_driver_api.static.*)))
                0x00000000000079a4                _smbus_driver_api_list_end = .

spi_driver_api_area